serial-ttyusb02610144143reboot
serial-ttyusb02610144146Band Rf: 1, Phy Mode: 2
serial-ttyusb02610144146Band Rf: 2, Phy Mode: 1
serial-ttyusb02610144146AntCfgInit(2792): Not support for HIF_MT yet!
serial-ttyusb02610144146EEPROM Init Done!
serial-ttyusb02610144146mt_mac_init()-->
serial-ttyusb02610144146mt_mac_pse_init(2787): Don't Support this now!
serial-ttyusb02610144146mt7615_init_mac_cr()-->
serial-ttyusb02610144146mt7615_init_mac_cr(): TMAC_TRCR0=0x82783c8c
serial-ttyusb02610144146mt7615_init_mac_cr(): TMAC_TRCR1=0x82783c8c
serial-ttyusb02610144146MtAsicSetMacMaxLen(1313): Not finish Yet!
serial-ttyusb02610144146<--mt_mac_init()
serial-ttyusb02610144146CmdRxHdrTransBLUpdateRsp::EventExtCmdResult.u4Status = 0x0
serial-ttyusb02610144146CmdRxHdrTransBLUpdateRsp::EventExtCmdResult.u4Status = 0x0
serial-ttyusb02610144146CmdRxHdrTransBLUpdateRsp::EventExtCmdResult.u4Status = 0x0
serial-ttyusb02610144146MAC Init Done!
serial-ttyusb02610144146MT7615BBPInit():BBP Initialization.....
serial-ttyusb02610144146        Band 0: valid=1, isDBDC=0, Band=2, CBW=1, CentCh/PrimCh=1/1, prim_ch_idx=0, txStream=2
serial-ttyusb02610144146        Band 1: valid=0, isDBDC=0, Band=0, CBW=0, CentCh/PrimCh=0/0, prim_ch_idx=0, txStream=0
serial-ttyusb02610144146MT7615BBPInit() todo 
serial-ttyusb02610144146PHY Init Done!
serial-ttyusb02610144146tx_pwr_comp_init():NotSupportYet!
serial-ttyusb02610144146MtCmdSetMacTxRx:(ret = 0)
serial-ttyusb02610144146MtCmdSetMacTxRx:(ret = 0)
serial-ttyusb02610144146CountryCode(2.4G/5G)=1/0, RFIC=25, PHY mode(2.4G/5G)=14/49, support 26 channels
serial-ttyusb02610144146WifiSysOpen(), wdev idx = 0
serial-ttyusb02610144146wdev_attr_update(): wdevId0 = 00:aa:bb:01:23:41
serial-ttyusb02610144146MtCmdSetDbdcCtrl:(ret = 0)
serial-ttyusb02610144146ApAutoChannelAtBootUp----------------->
serial-ttyusb02610144146ApAutoChannelAtBootUp: AutoChannelBootup = 1, AutoChannelFlag = 0
serial-ttyusb02610144146ApAutoChannelAtBootUp<-----------------
serial-ttyusb02610144146Current Channel is 64. DfsZeroWaitSupport=0
serial-ttyusb02610144146[PMF]APPMFInit:: apidx=0, MFPC=0, MFPR=0, SHA256=0
serial-ttyusb02610144146[PMF]WPAMakeRsnIeCap: RSNIE Capability MFPC=0, MFPR=0
serial-ttyusb02610144146HcUpdatePhyMode(): Update PhyMode for all wdev for this band PhyMode:49,Channel=64
serial-ttyusb02610144146CountryCode(2.4G/5G)=1/0, RFIC=25, PHY mode(2.4G/5G)=14/49, support 26 channels
serial-ttyusb02610144146wtc_acquire_groupkey_wcid: Found a non-occupied wtbl_idx:127 for WDEV_TYPE:1
serial-ttyusb02610144146 LinkToOmacIdx = 0, LinkToWdevType = 1
serial-ttyusb02610144146bssUpdateBmcMngRate (BSS_INFO_BROADCAST_INFO),                 CmdBssInfoBmcRate.u2BcTransmit= 8192,                 CmdBssInfoBmcRate.u2McTransmit = 8192
serial-ttyusb02610144146MtCmdSetDbdcCtrl:(ret = 0)
serial-ttyusb02610144146[RadarStateCheck]Set into RD_NORMAL_MODE
serial-ttyusb02610144146MtCmdTxPowerPercentCtrl: fgTxPowerPercentEn: 1, BandIdx: 1
serial-ttyusb02610144146MtCmdTxBfBackoffCtrl: fgTxBFBackoffEn: 0, BandIdx: 1
serial-ttyusb02610144146mt7615_bbp_adjust():rf_bw=2, ext_ch=3, PrimCh=64, HT-CentCh=62, VHT-CentCh=58
serial-ttyusb02610144146mt7615_apply_cal_data() : eeprom 0x52 bit 1 is 0, do runtime cal , skip RX reload
serial-ttyusb02610144146mt7615_apply_cal_data() : eeprom 0x52 bit 0 is 0, do runtime cal , skip TX reload
serial-ttyusb02610144146MtCmdChannelSwitch: control_chl = 64,control_ch2=0, central_chl = 58 DBDCIdx= 1, Band= 0 
serial-ttyusb02610144146BW = 2,TXStream = 2, RXStream = 2, scan(0)
serial-ttyusb02610144146ap_phy_rrm_init_byRf(): AP Set CentralFreq at 58(Prim=64, HT-CentCh=62, VHT-CentCh=58, BBP_BW=2)
serial-ttyusb02610144146[WrapDfsRadarDetectStart]: Band0Ch is 64[WrapDfsRadarDetectStart]: Band1Ch is 0LeadTimeForBcn, OmacIdx = 0, WDEV_WITH_BCN_ABILITY
serial-ttyusb02610144146MtAsicSetRalinkBurstMode(2618): Not support for HIF_MT yet!
serial-ttyusb02610144146MtAsicSetPiggyBack(802): Not support for HIF_MT yet!
serial-ttyusb02610144146MtAsicSetTxPreamble(2597): Not support for HIF_MT yet!
serial-ttyusb02610144146RTMPSetLEDStatus: before AndesLedEnhanceOP , status=1, LED_CMD=2!
serial-ttyusb02610144146AndesLedEnhanceOP: Success!
serial-ttyusb02610144146BndStrg_Init() ----> ap_band_steering_plus.c
serial-ttyusb02610144146Main bssid = 00:aa:bb:01:23:41
serial-ttyusb02610144146AsicRadioOnOffCtrl(): DbdcIdx=1 RadioOn
serial-ttyusb02610144146MtCmdSetMacTxRx:(ret = 0)
serial-ttyusb02610144146MtCmdSetMacTxRx:(ret = 0)
serial-ttyusb02610144146fdb_enable()
serial-ttyusb02610144147MCS Set = ff ff 00 00 01
serial-ttyusb02610144147<==== mt_wifi_init, Status=0
serial-ttyusb02610144147MtCmdEDCCACtrl: BandIdx: 0, EDCCACtrl: 1 
serial-ttyusb02610144147MtCmdEDCCACtrl: BandIdx: 1, EDCCACtrl: 1 
serial-ttyusb02610144147WDS_Init():
serial-ttyusb02610144147The new WDS interface MAC = FF:FF:FF:FF:FF:FF
serial-ttyusb02610144147  MacTabMatchWCID = 0
serial-ttyusb02610144147The new WDS interface MAC = FF:FF:FF:FF:FF:FF
serial-ttyusb02610144147  MacTabMatchWCID = 0
serial-ttyusb02610144147The new WDS interface MAC = FF:FF:FF:FF:FF:FF
serial-ttyusb02610144147  MacTabMatchWCID = 0
serial-ttyusb02610144147The new WDS interface MAC = FF:FF:FF:FF:FF:FF
serial-ttyusb02610144147  MacTabMatchWCID = 0
serial-ttyusb02610144147Total allocated 4 WDS interfaces!
serial-ttyusb02610144147WtcSetMaxStaNum: MaxStaNum:116, BssidNum:8, WdsNum:4, ApcliNum:0, MaxNumChipRept:0, MinMcastWcid:120
serial-ttyusb02610144147:MtCmdPktBudgetCtrl: bssid(255),wcid(65535),type(0)
serial-ttyusb02610144149red_is_enabled: set CR4/N9 RED Enable to 1.
serial-ttyusb02610144149cp_support_is_enabled: set CR4 CP_SUPPORT to Mode 2.
serial-ttyusb02610144149BndStrg_SetInfFlags(): BSS(00:AA:BB:01:23:41) set 5G Inf rai0 ready.
serial-ttyusb02610144149Correct apidx from 7 to 0 for WscUUIDInit
serial-ttyusb02610144149Generate UUID for apidx(0)
serial-ttyusb02610144149UUID: c12522e4, len = 16
serial-ttyusb026101441490x0000 : bc 32 9e 00 1d d8 11 b2 86 01 00 aa bb 01 23 41 
serial-ttyusb02610144149
serial-ttyusb02610144149WscUUIDInit::init WPS check UUID param
serial-ttyusb02610144149ifconfig used greatest stack depth: 11656 bytes left
serial-ttyusb02610144149WifiSysClose(), wdev idx = 0
serial-ttyusb02610144149WifiSysGetBssInfoState(): BssInfoIdx 0 not found!!!
serial-ttyusb02610144149WifiSysUpdateBssInfoState(): BssInfoIdx 0 not found!!!
serial-ttyusb02610144149BndStrg_SetInfFlags(): BSS(00:AA:BB:01:23:41) set 5G Inf rai0 not ready.
serial-ttyusb02610144149MtAsicSetPiggyBack(802): Not support for HIF_MT yet!
serial-ttyusb02610144149RTMPSetLEDStatus: before AndesLedEnhanceOP , status=0, LED_CMD=0!
serial-ttyusb02610144149AndesLedEnhanceOP: Success!
serial-ttyusb02610144149WifiSysClose(), wdev idx = 0
serial-ttyusb02610144149BndStrg_SetInfFlags(): 5G Inf rai0 Band steering is already down.
serial-ttyusb02610144149WifiSysClose(), wdev idx = 1
serial-ttyusb02610144149BndStrg_SetInfFlags(): 5G Inf rai1 Band steering is already down.
serial-ttyusb02610144149WifiSysClose(), wdev idx = 2
serial-ttyusb02610144149BndStrg_SetInfFlags(): 5G Inf rai2 Band steering is already down.
serial-ttyusb02610144149WifiSysClose(), wdev idx = 3
serial-ttyusb02610144149BndStrg_SetInfFlags(): 5G Inf rai3 Band steering is already down.
serial-ttyusb02610144149MtAsicSetPiggyBack(802): Not support for HIF_MT yet!
serial-ttyusb02610144149RTMPSetLEDStatus: before AndesLedEnhanceOP , status=0, LED_CMD=0!
serial-ttyusb02610144149AndesLedEnhanceOP: Success!
serial-ttyusb02610144149WifiSysClose(), wdev idx = 4
serial-ttyusb02610144149BndStrg_SetInfFlags(): 2G Inf ra0 Band steering is already down.
serial-ttyusb02610144149WifiSysClose(), wdev idx = 5
serial-ttyusb02610144149BndStrg_SetInfFlags(): 2G Inf ra1 Band steering is already down.
serial-ttyusb02610144149WifiSysClose(), wdev idx = 6
serial-ttyusb02610144149BndStrg_SetInfFlags(): 2G Inf ra2 Band steering is already down.
serial-ttyusb02610144149WifiSysClose(), wdev idx = 7
serial-ttyusb02610144149BndStrg_SetInfFlags(): 2G Inf ra3 Band steering is already down.
serial-ttyusb02610144149kill LoopBackTxTask task failed!
serial-ttyusb02610144149RTMPSetLEDStatus: before AndesLedEnhanceOP , status=4, LED_CMD=1!
serial-ttyusb02610144149AndesLedEnhanceOP: Success!
serial-ttyusb02610144149AndesRestartCheck: Current TOP_MISC2(0x7)
serial-ttyusb02610144149CmdReStartDLRsp: Status Success!, Status(0)
serial-ttyusb02610144149AndesRestartCheck:  TOP_MISC2(1)
serial-ttyusb02610144149RTMPSetLEDStatus: before AndesLedEnhanceOP , status=2, LED_CMD=1!
serial-ttyusb02610144149AndesLedEnhanceOP: Success!
serial-ttyusb02610144149RT28xxPciAsicRadioOff(): Not support for HIF_MT yet!
serial-ttyusb02610144149tx_kickout_fail_count = 0
serial-ttyusb02610144149tx_timeout_fail_count = 0
serial-ttyusb02610144149rx_receive_fail_count = 0
serial-ttyusb02610144149alloc_cmd_msg = 1528
serial-ttyusb02610144149free_cmd_msg = 1528
serial-ttyusb02610144149cut_through_token_list_destroy(): 8d3a4e08,8d3a4e08
serial-ttyusb02610144149cut_through_token_list_destroy(): 8d3a4e18,8d3a4e18
serial-ttyusb02610144149FwOwn()::Set Fw Own
serial-ttyusb02610144149BndStrg_Release()
serial-ttyusb02610144149BndStrg_SetInfFlags(): 5G Inf rai0 Band steering is already down.
serial-ttyusb02610144149BndStrg_SetInfFlags(): 5G Inf rai1 Band steering is already down.
serial-ttyusb02610144149BndStrg_SetInfFlags(): 5G Inf rai2 Band steering is already down.
serial-ttyusb02610144149BndStrg_SetInfFlags(): 5G Inf rai3 Band steering is already down.
serial-ttyusb02610144149BndStrg_SetInfFlags(): 2G Inf ra0 Band steering is already down.
serial-ttyusb02610144149BndStrg_SetInfFlags(): 2G Inf ra1 Band steering is already down.
serial-ttyusb02610144149BndStrg_SetInfFlags(): 2G Inf ra2 Band steering is already down.
serial-ttyusb02610144149BndStrg_SetInfFlags(): 2G Inf ra3 Band steering is already down.
serial-ttyusb02610144149RTMP_AllTimerListRelease: Size=0
serial-ttyusb02610144149FwOwn()::Return since already in Fw Own...
serial-ttyusb02610144149<---HwCtrlThread
serial-ttyusb02610144149DriverOwn()::Try to Clear FW Own...
serial-ttyusb02610144149DriverOwn()::Success to clear FW Own
serial-ttyusb02610144149===============================
serial-ttyusb02610144149Current DevInfo Num: 0
serial-ttyusb02610144149===============================
serial-ttyusb02610144149===============================
serial-ttyusb02610144149Current BssInfo Num: 0
serial-ttyusb02610144149===============================
serial-ttyusb02610144149===============================
serial-ttyusb02610144149Current StaRec Num: 0
serial-ttyusb02610144149===============================
serial-ttyusb02610144149APWdsInitialize():WdsEntry[0]
serial-ttyusb02610144149APWdsInitialize():WdsEntry[1]
serial-ttyusb02610144149APWdsInitialize():WdsEntry[2]
serial-ttyusb02610144149APWdsInitialize():WdsEntry[3]
serial-ttyusb02610144149multi-profile merge success, en:1,pf1_num:4,pf2_num:4,total:8
serial-ttyusb02610144149MacAddress4 = 00:00:00:00:00:00
serial-ttyusb02610144149SSID[0]=VTEL-2340, EdcaIdx=0
serial-ttyusb02610144149SSID[1]=VTEL-2340-2, EdcaIdx=0
serial-ttyusb02610144149SSID[2]=VTEL-2340-3, EdcaIdx=0
serial-ttyusb02610144149SSID[3]=VTEL-2340-4, EdcaIdx=0
serial-ttyusb02610144149SSID[4]=Hello, EdcaIdx=1
serial-ttyusb02610144149SSID[5]=VTEL-2340-2, EdcaIdx=1
serial-ttyusb02610144149SSID[6]=VTEL-2340-3, EdcaIdx=1
serial-ttyusb02610144149SSID[7]=VTEL-2340-4, EdcaIdx=1
serial-ttyusb02610144149RTMPSetProfileParameters(): DBDC Mode=1
serial-ttyusb02610144149cfg_mode=14
serial-ttyusb02610144149cfg_mode=14
serial-ttyusb02610144149wmode_band_equal(): Band Equal!
serial-ttyusb02610144149cfg_mode=14
serial-ttyusb02610144149cfg_mode=14
serial-ttyusb02610144149cfg_mode=14
serial-ttyusb02610144149cfg_mode=14
serial-ttyusb02610144149cfg_mode=14
serial-ttyusb02610144149cfg_mode=14
serial-ttyusb02610144149cfg_mode=9
serial-ttyusb02610144149cfg_mode=9
serial-ttyusb02610144149cfg_mode=9
serial-ttyusb02610144149cfg_mode=9
serial-ttyusb02610144149cfg_mode=9
serial-ttyusb02610144149cfg_mode=9
serial-ttyusb02610144149cfg_mode=9
serial-ttyusb02610144149cfg_mode=9
serial-ttyusb02610144149BandSteering=1
serial-ttyusb02610144149BndStrgBssIdx=1;0;0;0;1;0;0;0
serial-ttyusb02610144149[TxPower] BAND0: 100, BAND1: 100 
serial-ttyusb02610144149[PERCENTAGEenable] BAND0: 1, BAND1: 1 
serial-ttyusb02610144149APEdca0
serial-ttyusb02610144149Valid=1
serial-ttyusb02610144149APAifsn[0]=3
serial-ttyusb02610144149APAifsn[1]=7
serial-ttyusb02610144149APAifsn[2]=1
serial-ttyusb02610144149APAifsn[3]=1
serial-ttyusb02610144149APEdca1
serial-ttyusb02610144149Valid=1
serial-ttyusb02610144149APAifsn[0]=3
serial-ttyusb02610144149APAifsn[1]=7
serial-ttyusb02610144149APAifsn[2]=1
serial-ttyusb02610144149APAifsn[3]=1
serial-ttyusb02610144149APEdca2
serial-ttyusb02610144149APEdca3
serial-ttyusb02610144149BSSAifsn[0]=3
serial-ttyusb02610144149BSSAifsn[1]=7
serial-ttyusb02610144149BSSAifsn[2]=2
serial-ttyusb02610144149BSSAifsn[3]=2
serial-ttyusb02610144149BSSAifsn[0]=3
serial-ttyusb02610144149BSSAifsn[1]=7
serial-ttyusb02610144149BSSAifsn[2]=2
serial-ttyusb02610144149BSSAifsn[3]=2
serial-ttyusb02610144149BSSAifsn[0]=3
serial-ttyusb02610144149BSSAifsn[1]=7
serial-ttyusb02610144149BSSAifsn[2]=2
serial-ttyusb02610144149BSSAifsn[3]=2
serial-ttyusb02610144149BSSAifsn[0]=3
serial-ttyusb02610144149BSSAifsn[1]=7
serial-ttyusb02610144149BSSAifsn[2]=2
serial-ttyusb02610144149BSSAifsn[3]=2
serial-ttyusb02610144149BSSAifsn[0]=3
serial-ttyusb02610144149BSSAifsn[1]=7
serial-ttyusb02610144149BSSAifsn[2]=2
serial-ttyusb02610144149BSSAifsn[3]=2
serial-ttyusb02610144149BSSAifsn[0]=3
serial-ttyusb02610144149BSSAifsn[1]=7
serial-ttyusb02610144149BSSAifsn[2]=2
serial-ttyusb02610144149BSSAifsn[3]=2
serial-ttyusb02610144149BSSAifsn[0]=3
serial-ttyusb02610144149BSSAifsn[1]=7
serial-ttyusb02610144149BSSAifsn[2]=2
serial-ttyusb02610144149BSSAifsn[3]=2
serial-ttyusb02610144149BSSAifsn[0]=3
serial-ttyusb02610144149BSSAifsn[1]=7
serial-ttyusb02610144149BSSAifsn[2]=2
serial-ttyusb02610144149BSSAifsn[3]=2
serial-ttyusb02610144149APSDCapable[0]=0
serial-ttyusb02610144149APSDCapable[1]=0
serial-ttyusb02610144149[PMF]Set_PMFMFPC_Proc:: apidx=0, Desired MFPC=0
serial-ttyusb02610144150[PMF]Set_PMFMFPC_Proc:: apidx=1, Desired MFPC=0
serial-ttyusb02610144150[PMF]Set_PMFMFPC_Proc:: apidx=2, Desired MFPC=0
serial-ttyusb02610144150[PMF]Set_PMFMFPC_Proc:: apidx=3, Desired MFPC=0
serial-ttyusb02610144150[PMF]Set_PMFMFPC_Proc:: apidx=4, Desired MFPC=0
serial-ttyusb02610144150[PMF]Set_PMFMFPC_Proc:: apidx=5, Desired MFPC=0
serial-ttyusb02610144150[PMF]Set_PMFMFPC_Proc:: apidx=6, Desired MFPC=0
serial-ttyusb02610144150[PMF]Set_PMFMFPC_Proc:: apidx=7, Desired MFPC=0
serial-ttyusb02610144150[PMF]Set_PMFMFPR_Proc:: apidx=0, Desired MFPR=0
serial-ttyusb02610144150[PMF]Set_PMFMFPR_Proc:: apidx=1, Desired MFPR=0
serial-ttyusb02610144150[PMF]Set_PMFMFPR_Proc:: apidx=2, Desired MFPR=0
serial-ttyusb02610144150[PMF]Set_PMFMFPR_Proc:: apidx=3, Desired MFPR=0
serial-ttyusb02610144150[PMF]Set_PMFMFPR_Proc:: apidx=4, Desired MFPR=0
serial-ttyusb02610144150[PMF]Set_PMFMFPR_Proc:: apidx=5, Desired MFPR=0
serial-ttyusb02610144150[PMF]Set_PMFMFPR_Proc:: apidx=6, Desired MFPR=0
serial-ttyusb02610144150[PMF]Set_PMFMFPR_Proc:: apidx=7, Desired MFPR=0
serial-ttyusb02610144150[PMF]Set_PMFSHA256_Proc:: apidx=0, Desired PMFSHA256=0
serial-ttyusb02610144150[PMF]Set_PMFSHA256_Proc:: apidx=1, Desired PMFSHA256=0
serial-ttyusb02610144150[PMF]Set_PMFSHA256_Proc:: apidx=2, Desired PMFSHA256=0
serial-ttyusb02610144150[PMF]Set_PMFSHA256_Proc:: apidx=3, Desired PMFSHA256=0
serial-ttyusb02610144150[PMF]Set_PMFSHA256_Proc:: apidx=4, Desired PMFSHA256=0
serial-ttyusb02610144150[PMF]Set_PMFSHA256_Proc:: apidx=5, Desired PMFSHA256=0
serial-ttyusb02610144150[PMF]Set_PMFSHA256_Proc:: apidx=6, Desired PMFSHA256=0
serial-ttyusb02610144150[PMF]Set_PMFSHA256_Proc:: apidx=7, Desired PMFSHA256=0
serial-ttyusb02610144150rtmp_read_wds_from_file(): WDS Profile
serial-ttyusb02610144150APWdsInitialize():WdsEntry[0]
serial-ttyusb02610144150APWdsInitialize():WdsEntry[1]
serial-ttyusb02610144150APWdsInitialize():WdsEntry[2]
serial-ttyusb02610144150APWdsInitialize():WdsEntry[3]
serial-ttyusb02610144150WDS-Enable mode=0
serial-ttyusb02610144150HT: Ext Channel = BELOW
serial-ttyusb02610144150HT: Ext Channel = BELOW
serial-ttyusb02610144150HT: Ext Channel = BELOW
serial-ttyusb02610144150HT: Ext Channel = BELOW
serial-ttyusb02610144150HT: Ext Channel = BELOW
serial-ttyusb02610144150HT: Ext Channel = BELOW
serial-ttyusb02610144150HT: Ext Channel = BELOW
serial-ttyusb02610144150HT: Ext Channel = BELOW
serial-ttyusb02610144150WtcSetMaxStaNum: MaxStaNum:116, BssidNum:8, WdsNum:4, ApcliNum:0, MaxNumChipRept:0, MinMcastWcid:120
serial-ttyusb02610144150Top Init Done!
serial-ttyusb02610144150Use dev_alloc_skb
serial-ttyusb02610144150cut_through_token_list_init(): TokenList inited done!id_head/tail=0/4096
serial-ttyusb02610144150cut_through_token_list_init(): 8b2fb388,8b2fb388
serial-ttyusb02610144150cut_through_token_list_init(): TokenList inited done!id_head/tail=0/4096
serial-ttyusb02610144150cut_through_token_list_init(): 8b2fb398,8b2fb398
serial-ttyusb02610144150RX[0] DESC ac810000 size = 32768
serial-ttyusb02610144150RX[1] DESC ac80c000 size = 8192
serial-ttyusb02610144150Hif Init Done!
serial-ttyusb02610144150ctl->txq = c14378a8
serial-ttyusb02610144150ctl->rxq = c14378b4
serial-ttyusb02610144150ctl->ackq = c14378c0
serial-ttyusb02610144150ctl->kickq = c14378cc
serial-ttyusb02610144150ctl->tx_doneq = c14378d8
serial-ttyusb02610144150ctl->rx_doneq = c14378e4
serial-ttyusb02610144150mt7615_fw_prepare():FW(8a10), HW(8a10), CHIPID(7615))
serial-ttyusb02610144150mt7615_fw_prepare(2766): MT7615_E3, USE E3 patch and ram code binary image
serial-ttyusb02610144150AndesMTLoadRomMethodFwDlRing(1036), cap->rom_patch_len(11150)
serial-ttyusb02610144150AndesRestartCheck: Current TOP_MISC2(0x1)
serial-ttyusb02610144150AndesRestartCheck: (TOP_MISC2 = 1), ready to continue...RET(0)
serial-ttyusb0261014415020170304031443a
serial-ttyusb02610144150
serial-ttyusb02610144150platform = 
serial-ttyusb02610144150ALPS
serial-ttyusb02610144150hw/sw version = 
serial-ttyusb026101441508a108a10
serial-ttyusb02610144150patch version = 
serial-ttyusb0261014415000000010
serial-ttyusb02610144150Patch SEM Status=1
serial-ttyusb02610144150MtCmdPatchSemGet:(ret = 0)
serial-ttyusb02610144150
serial-ttyusb02610144150Patch is ready, continue to ILM/DLM DL, SemStatus(1)
serial-ttyusb02610144150Patch SEM Status=3
serial-ttyusb02610144150MtCmdPatchSemGet:(ret = 0)
serial-ttyusb02610144150
serial-ttyusb02610144150Release patch semaphore, SemStatus(3)
serial-ttyusb02610144150AndesMTEraseRomPatch
serial-ttyusb02610144150WfMcuHwInit: Before NICLoadFirmware, check IcapMode=0
serial-ttyusb02610144150AndesMTLoadFwMethodFwDlRing(810), cap->fw_len(459960)
serial-ttyusb02610144150Build Date:_201705121437
serial-ttyusb02610144150Build Date:_201705121437
serial-ttyusb02610144150AndesRestartCheck: Current TOP_MISC2(0x1)
serial-ttyusb02610144150AndesRestartCheck: (TOP_MISC2 = 1), ready to continue...RET(0)
serial-ttyusb02610144150EventGenericEventHandler: CMD Success
serial-ttyusb02610144150MtCmdAddressLenReq:(ret = 0)
serial-ttyusb02610144150EventGenericEventHandler: CMD Success
serial-ttyusb02610144150MtCmdAddressLenReq:(ret = 0)
serial-ttyusb02610144150MtCmdFwStartReq: override = 1, address = 540672
serial-ttyusb02610144150EventGenericEventHandler: CMD Success
serial-ttyusb02610144150Build Date:_201703141726
serial-ttyusb02610144150EventGenericEventHandler: CMD Success
serial-ttyusb02610144150MtCmdAddressLenReq:(ret = 0)
serial-ttyusb02610144150MtCmdFwStartReq: override = 4, address = 0
serial-ttyusb02610144150EventGenericEventHandler: CMD Success
serial-ttyusb02610144150WfMcuHwInit: NICLoadFirmware OK, Check IcapMode=0
serial-ttyusb02610144150MCU Init Done!
serial-ttyusb02610144150MtCmdSetTxLpfCal:(ret = 0)
serial-ttyusb02610144150MtCmdSetTxIqCal:(ret = 0)
serial-ttyusb02610144150MtCmdSetTxDcCal:(ret = 0)
serial-ttyusb02610144150MtCmdSetRxFiCal:(ret = 0)
serial-ttyusb02610144150MtCmdSetRxFdCal:(ret = 0)
serial-ttyusb02610144150MtCmdSetRxFdCal:(ret = 0)
serial-ttyusb02610144150MtCmdSetRxFdCal:(ret = 0)
serial-ttyusb02610144150MtCmdSetRxFdCal:(ret = 0)
serial-ttyusb02610144150MtCmdSetRxFdCal:(ret = 0)
serial-ttyusb02610144150MtCmdSetRxFdCal:(ret = 0)
serial-ttyusb02610144150MtCmdSetRxFdCal:(ret = 0)
serial-ttyusb02610144150MtCmdSetRxFdCal:(ret = 0)
serial-ttyusb02610144150MtCmdSetRxFdCal:(ret = 0)
serial-ttyusb02610144150 MtCmdSetRlmPorCal: (ret = 0) 
serial-ttyusb02610144150efuse_probe: efuse = 10000212
serial-ttyusb02610144150RtmpChipOpsEepromHook::e2p_type=4, inf_Type=5
serial-ttyusb02610144150RtmpEepromGetDefault::e2p_dafault=1
serial-ttyusb02610144150RtmpChipOpsEepromHook: E2P type(4), E2pAccessMode = 4, E2P default = 1
serial-ttyusb02610144150NVM is BIN mode
serial-ttyusb02610144150NICReadEEPROMParameters():Calling eeinit
serial-ttyusb02610144150rtmp_ee_load_from_bin::src FileName=/etc/Wireless/RT2860AP_AC/RT30xxEEPROM.bin
serial-ttyusb02610144150Load EEPROM Buffer from /etc/Wireless/RT2860AP_AC/RT30xxEEPROM.bin
serial-ttyusb02610144150rtmp_cal_load_from_bin::FileName=/etc/Wireless/RT2860AP_AC/CALDATA_default.bin
serial-ttyusb02610144150Load from /etc/Wireless/RT2860AP_AC/CALDATA_default.bin (Read = 9216)
serial-ttyusb02610144150rtmp_cal_load_from_bin::FileName=/etc/Wireless/RT2860AP_AC/CALDATA_default.bin
serial-ttyusb02610144150Load from /etc/Wireless/RT2860AP_AC/CALDATA_default.bin (Read = 9216)
serial-ttyusb02610144150rtmp_cal_load_from_bin::FileName=/etc/Wireless/RT2860AP_AC/CALDATA_default.bin
serial-ttyusb02610144150Load from /etc/Wireless/RT2860AP_AC/CALDATA_default.bin (Read = 9216)
serial-ttyusb02610144150Cal Free IC!!
serial-ttyusb02610144150NICReadEEPROMParameters: EEPROM 0x52 b300
serial-ttyusb02610144150NICReadEEPROMParameters: EEPROM 0x52 b300
serial-ttyusb02610144150now bb MainSsid mac 00:aa:bb:01:23:41
serial-ttyusb02610144150Country Region from e2p = 101
serial-ttyusb02610144150mt7615_antenna_default_reset(): TxPath = 4, RxPath = 4
serial-ttyusb02610144150mt7615_antenna_default_reset(): DBDC 2G TxPath = 2, 2G RxPath = 2
serial-ttyusb02610144150mt7615_antenna_default_reset(): DBDC 5G TxPath = 2, 2G RxPath = 2
serial-ttyusb02610144150rtmp_read_txpwr_from_eeprom(251): Don't Support this now!
serial-ttyusb02610144150RTMPReadTxPwrPerRate(1382): Don't Support this now!
serial-ttyusb02610144150RcRadioInit(): DbdcMode=1, ConcurrentBand=2
serial-ttyusb02610144150RcRadioInit(): pRadioCtrl=8e62e324,Band=0,rfcap=1,channel=1,PhyMode=2
serial-ttyusb02610144151RcRadioInit(): pRadioCtrl=8e62e33c,Band=1,rfcap=2,channel=36,PhyMode=1
serial-ttyusb02610144151MtCmdSetDbdcCtrl:(ret = 0)
serial-ttyusb02610144151Band Rf: 1, Phy Mode: 2
serial-ttyusb02610144151Band Rf: 2, Phy Mode: 1
serial-ttyusb02610144151AntCfgInit(2792): Not support for HIF_MT yet!
serial-ttyusb02610144151EEPROM Init Done!
serial-ttyusb02610144151mt_mac_init()-->
serial-ttyusb02610144151mt_mac_pse_init(2787): Don't Support this now!
serial-ttyusb02610144151mt7615_init_mac_cr()-->
serial-ttyusb02610144151mt7615_init_mac_cr(): TMAC_TRCR0=0x82783c8c
serial-ttyusb02610144151mt7615_init_mac_cr(): TMAC_TRCR1=0x82783c8c
serial-ttyusb02610144151MtAsicSetMacMaxLen(1313): Not finish Yet!
serial-ttyusb02610144151<--mt_mac_init()
serial-ttyusb02610144151CmdRxHdrTransBLUpdateRsp::EventExtCmdResult.u4Status = 0x0
serial-ttyusb02610144151CmdRxHdrTransBLUpdateRsp::EventExtCmdResult.u4Status = 0x0
serial-ttyusb02610144151CmdRxHdrTransBLUpdateRsp::EventExtCmdResult.u4Status = 0x0
serial-ttyusb02610144151MAC Init Done!
serial-ttyusb02610144151MT7615BBPInit():BBP Initialization.....
serial-ttyusb02610144151        Band 0: valid=1, isDBDC=0, Band=2, CBW=1, CentCh/PrimCh=1/1, prim_ch_idx=0, txStream=2
serial-ttyusb02610144151        Band 1: valid=0, isDBDC=0, Band=0, CBW=0, CentCh/PrimCh=0/0, prim_ch_idx=0, txStream=0
serial-ttyusb02610144151MT7615BBPInit() todo 
serial-ttyusb02610144151PHY Init Done!
serial-ttyusb02610144151tx_pwr_comp_init():NotSupportYet!
serial-ttyusb02610144151MtCmdSetMacTxRx:(ret = 0)
serial-ttyusb02610144151MtCmdSetMacTxRx:(ret = 0)
serial-ttyusb02610144151CountryCode(2.4G/5G)=1/0, RFIC=25, PHY mode(2.4G/5G)=14/49, support 26 channels
serial-ttyusb02610144151WifiSysOpen(), wdev idx = 0
serial-ttyusb02610144151wdev_attr_update(): wdevId0 = 00:aa:bb:01:23:41
serial-ttyusb02610144151MtCmdSetDbdcCtrl:(ret = 0)
serial-ttyusb02610144151ApAutoChannelAtBootUp----------------->
serial-ttyusb02610144151ApAutoChannelAtBootUp: AutoChannelBootup = 1, AutoChannelFlag = 0
serial-ttyusb02610144151ApAutoChannelAtBootUp<-----------------
serial-ttyusb02610144151Current Channel is 64. DfsZeroWaitSupport=0
serial-ttyusb02610144151[PMF]APPMFInit:: apidx=0, MFPC=0, MFPR=0, SHA256=0
serial-ttyusb02610144151[PMF]WPAMakeRsnIeCap: RSNIE Capability MFPC=0, MFPR=0
serial-ttyusb02610144151HcUpdatePhyMode(): Update PhyMode for all wdev for this band PhyMode:49,Channel=64
serial-ttyusb02610144151CountryCode(2.4G/5G)=1/0, RFIC=25, PHY mode(2.4G/5G)=14/49, support 26 channels
serial-ttyusb02610144151wtc_acquire_groupkey_wcid: Found a non-occupied wtbl_idx:127 for WDEV_TYPE:1
serial-ttyusb02610144151 LinkToOmacIdx = 0, LinkToWdevType = 1
serial-ttyusb02610144151bssUpdateBmcMngRate (BSS_INFO_BROADCAST_INFO),                 CmdBssInfoBmcRate.u2BcTransmit= 8192,                 CmdBssInfoBmcRate.u2McTransmit = 8192
serial-ttyusb02610144151MtCmdSetDbdcCtrl:(ret = 0)
serial-ttyusb02610144151[RadarStateCheck]Set into RD_NORMAL_MODE
serial-ttyusb02610144151MtCmdTxPowerPercentCtrl: fgTxPowerPercentEn: 1, BandIdx: 1
serial-ttyusb02610144151MtCmdTxBfBackoffCtrl: fgTxBFBackoffEn: 0, BandIdx: 1
serial-ttyusb02610144151mt7615_bbp_adjust():rf_bw=2, ext_ch=3, PrimCh=64, HT-CentCh=62, VHT-CentCh=58
serial-ttyusb02610144151mt7615_apply_cal_data() : eeprom 0x52 bit 1 is 0, do runtime cal , skip RX reload
serial-ttyusb02610144151mt7615_apply_cal_data() : eeprom 0x52 bit 0 is 0, do runtime cal , skip TX reload
serial-ttyusb02610144151MtCmdChannelSwitch: control_chl = 64,control_ch2=0, central_chl = 58 DBDCIdx= 1, Band= 0 
serial-ttyusb02610144151BW = 2,TXStream = 2, RXStream = 2, scan(0)
serial-ttyusb02610144152ap_phy_rrm_init_byRf(): AP Set CentralFreq at 58(Prim=64, HT-CentCh=62, VHT-CentCh=58, BBP_BW=2)
serial-ttyusb02610144152[WrapDfsRadarDetectStart]: Band0Ch is 64[WrapDfsRadarDetectStart]: Band1Ch is 0BndStrg_SetInfFlags(): BSS(00:AA:BB:01:23:41) set 5G Inf rai0 ready.
serial-ttyusb02610144152LeadTimeForBcn, OmacIdx = 0, WDEV_WITH_BCN_ABILITY
serial-ttyusb02610144152MtAsicSetRalinkBurstMode(2618): Not support for HIF_MT yet!
serial-ttyusb02610144152MtAsicSetPiggyBack(802): Not support for HIF_MT yet!
serial-ttyusb02610144152MtAsicSetTxPreamble(2597): Not support for HIF_MT yet!
serial-ttyusb02610144152RTMPSetLEDStatus: before AndesLedEnhanceOP , status=1, LED_CMD=2!
serial-ttyusb02610144152AndesLedEnhanceOP: Success!
serial-ttyusb02610144152BndStrg_Init() ----> ap_band_steering_plus.c
serial-ttyusb02610144152Main bssid = 00:aa:bb:01:23:41
serial-ttyusb02610144152:MtCmdPktBudgetCtrl: bssid(255),wcid(65535),type(0)
serial-ttyusb02610144152AsicRadioOnOffCtrl(): DbdcIdx=1 RadioOn
serial-ttyusb02610144152MtCmdSetMacTxRx:(ret = 0)
serial-ttyusb02610144152MtCmdSetMacTxRx:(ret = 0)
serial-ttyusb02610144152fdb_enable()
serial-ttyusb02610144152MCS Set = ff ff 00 00 01
serial-ttyusb02610144152<==== mt_wifi_init, Status=0
serial-ttyusb02610144152MtCmdEDCCACtrl: BandIdx: 0, EDCCACtrl: 1 
serial-ttyusb02610144152MtCmdEDCCACtrl: BandIdx: 1, EDCCACtrl: 1 
serial-ttyusb02610144152WtcSetMaxStaNum: MaxStaNum:116, BssidNum:8, WdsNum:4, ApcliNum:0, MaxNumChipRept:0, MinMcastWcid:120
serial-ttyusb02610144154red_is_enabled: set CR4/N9 RED Enable to 1.
serial-ttyusb02610144154cp_support_is_enabled: set CR4 CP_SUPPORT to Mode 2.
serial-ttyusb02610144154BndStrg_SetInfFlags(): 5G Inf rai0 Band steering is already up.
serial-ttyusb02610144154Correct apidx from 7 to 0 for WscUUIDInit
serial-ttyusb02610144154Generate UUID for apidx(0)
serial-ttyusb02610144154UUID: c12522e4, len = 16
serial-ttyusb026101441540x0000 : bc 32 9e 00 1d d8 11 b2 86 01 00 aa bb 01 23 41 
serial-ttyusb02610144154
serial-ttyusb02610144154WscUUIDInit::init WPS check UUID param
serial-ttyusb02610144154ifconfig used greatest stack depth: 11208 bytes left
serial-ttyusb02610144154device rai0 entered promiscuous mode
serial-ttyusb02610144154updateDevBandWidthMac:index=0,00:aa:bb:01:23:41
serial-ttyusb02610144154updateDevBandWidthMac:index=0,00:aa:bb:01:23:41
serial-ttyusb02610144154TCSUPPORT_WLAN_WDS
serial-ttyusb02610144154WifiSysOpen(), wdev idx = 4
serial-ttyusb02610144154wdev_attr_update(): wdevId4 = 00:aa:bb:01:23:40
serial-ttyusb02610144154MtCmdSetDbdcCtrl:(ret = 0)
serial-ttyusb02610144154[PMF]APPMFInit:: apidx=4, MFPC=0, MFPR=0, SHA256=0
serial-ttyusb02610144154[PMF]WPAMakeRsnIeCap: RSNIE Capability MFPC=0, MFPR=0
serial-ttyusb02610144154HcUpdatePhyMode(): Update PhyMode for all wdev for this band PhyMode:14,Channel=8
serial-ttyusb02610144154CountryCode(2.4G/5G)=1/0, RFIC=25, PHY mode(2.4G/5G)=14/49, support 26 channels
serial-ttyusb02610144154wtc_acquire_groupkey_wcid: Found a non-occupied wtbl_idx:126 for WDEV_TYPE:1
serial-ttyusb02610144154 LinkToOmacIdx = 14, LinkToWdevType = 1
serial-ttyusb02610144154bssUpdateBmcMngRate (BSS_INFO_BROADCAST_INFO),                 CmdBssInfoBmcRate.u2BcTransmit= 0,                 CmdBssInfoBmcRate.u2McTransmit = 0
serial-ttyusb02610144154MtCmdSetDbdcCtrl:(ret = 0)
serial-ttyusb02610144154[RadarStateCheck]Set into RD_NORMAL_MODE
serial-ttyusb02610144154MtCmdTxPowerPercentCtrl: fgTxPowerPercentEn: 1, BandIdx: 0
serial-ttyusb02610144154MtCmdTxBfBackoffCtrl: fgTxBFBackoffEn: 0, BandIdx: 0
serial-ttyusb02610144154mt7615_bbp_adjust():rf_bw=0, ext_ch=0, PrimCh=8, HT-CentCh=8, VHT-CentCh=58
serial-ttyusb02610144154mt7615_apply_cal_data() : eeprom 0x52 bit 1 is 0, do runtime cal , skip RX reload
serial-ttyusb02610144154mt7615_apply_cal_data() : eeprom 0x52 bit 0 is 0, do runtime cal , skip TX reload
serial-ttyusb02610144154MtCmdChannelSwitch: control_chl = 8,control_ch2=0, central_chl = 8 DBDCIdx= 0, Band= 0 
serial-ttyusb02610144154BW = 0,TXStream = 2, RXStream = 2, scan(0)
serial-ttyusb02610144154ap_phy_rrm_init_byRf(): AP Set CentralFreq at 8(Prim=8, HT-CentCh=8, VHT-CentCh=58, BBP_BW=0)
serial-ttyusb02610144154BndStrg_SetInfFlags(): BSS(00:AA:BB:01:23:40) set 2G Inf ra0 ready.
serial-ttyusb02610144154LeadTimeForBcn, OmacIdx = 14, WDEV_WITH_BCN_ABILITY
serial-ttyusb02610144154Generate UUID for apidx(4)
serial-ttyusb02610144154UUID: c125fb64, len = 16
serial-ttyusb026101441540x0000 : bc 32 9e 00 1d d8 11 b2 86 01 00 aa bb 01 23 40 
serial-ttyusb02610144154
serial-ttyusb02610144154WscUUIDInit::init WPS check UUID param
serial-ttyusb02610144154ifconfig used greatest stack depth: 11008 bytes left
serial-ttyusb02610144154WifiSysClose(), wdev idx = 4
serial-ttyusb02610144154WifiSysGetBssInfoState(): BssInfoIdx 1 not found!!!
serial-ttyusb02610144154WifiSysUpdateBssInfoState(): BssInfoIdx 1 not found!!!
serial-ttyusb02610144154BndStrg_SetInfFlags(): BSS(00:AA:BB:01:23:40) set 2G Inf ra0 not ready.
serial-ttyusb02610144154WifiSysOpen(), wdev idx = 4
serial-ttyusb02610144154wdev_attr_update(): wdevId4 = 00:aa:bb:01:23:40
serial-ttyusb02610144154MtCmdSetDbdcCtrl:(ret = 0)
serial-ttyusb02610144154[PMF]APPMFInit:: apidx=4, MFPC=0, MFPR=0, SHA256=0
serial-ttyusb02610144154[PMF]WPAMakeRsnIeCap: RSNIE Capability MFPC=0, MFPR=0
serial-ttyusb02610144154HcUpdatePhyMode(): Update PhyMode for all wdev for this band PhyMode:14,Channel=8
serial-ttyusb02610144154CountryCode(2.4G/5G)=1/0, RFIC=25, PHY mode(2.4G/5G)=14/49, support 26 channels
serial-ttyusb02610144154wtc_acquire_groupkey_wcid: Found a non-occupied wtbl_idx:126 for WDEV_TYPE:1
serial-ttyusb02610144154 LinkToOmacIdx = 14, LinkToWdevType = 1
serial-ttyusb02610144154bssUpdateBmcMngRate (BSS_INFO_BROADCAST_INFO),                 CmdBssInfoBmcRate.u2BcTransmit= 0,                 CmdBssInfoBmcRate.u2McTransmit = 0
serial-ttyusb02610144154MtCmdSetDbdcCtrl:(ret = 0)
serial-ttyusb02610144155[RadarStateCheck]Set into RD_NORMAL_MODE
serial-ttyusb02610144155MtCmdTxPowerPercentCtrl: fgTxPowerPercentEn: 1, BandIdx: 0
serial-ttyusb02610144155MtCmdTxBfBackoffCtrl: fgTxBFBackoffEn: 0, BandIdx: 0
serial-ttyusb02610144155mt7615_bbp_adjust():rf_bw=0, ext_ch=0, PrimCh=8, HT-CentCh=8, VHT-CentCh=58
serial-ttyusb02610144155mt7615_apply_cal_data() : eeprom 0x52 bit 1 is 0, do runtime cal , skip RX reload
serial-ttyusb02610144155mt7615_apply_cal_data() : eeprom 0x52 bit 0 is 0, do runtime cal , skip TX reload
serial-ttyusb02610144155MtCmdChannelSwitch: control_chl = 8,control_ch2=0, central_chl = 8 DBDCIdx= 0, Band= 0 
serial-ttyusb02610144155BW = 0,TXStream = 2, RXStream = 2, scan(0)
serial-ttyusb02610144155ap_phy_rrm_init_byRf(): AP Set CentralFreq at 8(Prim=8, HT-CentCh=8, VHT-CentCh=58, BBP_BW=0)
serial-ttyusb02610144155BndStrg_SetInfFlags(): BSS(00:AA:BB:01:23:40) set 2G Inf ra0 ready.
serial-ttyusb02610144155LeadTimeForBcn, OmacIdx = 14, WDEV_WITH_BCN_ABILITY
serial-ttyusb02610144155Generate UUID for apidx(4)
serial-ttyusb02610144155UUID: c125fb64, len = 16
serial-ttyusb026101441550x0000 : bc 32 9e 00 1d d8 11 b2 86 01 00 aa bb 01 23 40 
serial-ttyusb02610144155
serial-ttyusb02610144155WscUUIDInit::init WPS check UUID param
serial-ttyusb02610144155device ra0 entered promiscuous mode
serial-ttyusb02610144155WifiSysOpen(), wdev idx = 7
serial-ttyusb02610144155wdev_attr_update(): wdevId7 = 00:aa:bb:01:23:47
serial-ttyusb02610144155MtCmdSetDbdcCtrl:(ret = 0)
serial-ttyusb02610144155[PMF]APPMFInit:: apidx=7, MFPC=0, MFPR=0, SHA256=0
serial-ttyusb02610144155[PMF]WPAMakeRsnIeCap: RSNIE Capability MFPC=0, MFPR=0
serial-ttyusb02610144155HcUpdatePhyMode(): Update PhyMode for all wdev for this band PhyMode:14,Channel=8
serial-ttyusb02610144155HcUpdatePhyMode(): Update PhyMode for all wdev for this band PhyMode:14,Channel=8
serial-ttyusb02610144155CountryCode(2.4G/5G)=1/0, RFIC=25, PHY mode(2.4G/5G)=14/49, support 26 channels
serial-ttyusb02610144155wtc_acquire_groupkey_wcid: Found a non-occupied wtbl_idx:125 for WDEV_TYPE:1
serial-ttyusb02610144155 LinkToOmacIdx = 17, LinkToWdevType = 1
serial-ttyusb02610144155bssUpdateBmcMngRate (BSS_INFO_BROADCAST_INFO),                 CmdBssInfoBmcRate.u2BcTransmit= 0,                 CmdBssInfoBmcRate.u2McTransmit = 0
serial-ttyusb02610144155MtCmdSetDbdcCtrl:(ret = 0)
serial-ttyusb02610144155[RadarStateCheck]Set into RD_NORMAL_MODE
serial-ttyusb02610144155MtCmdTxPowerPercentCtrl: fgTxPowerPercentEn: 1, BandIdx: 0
serial-ttyusb02610144155MtCmdTxBfBackoffCtrl: fgTxBFBackoffEn: 0, BandIdx: 0
serial-ttyusb02610144155mt7615_bbp_adjust():rf_bw=0, ext_ch=0, PrimCh=8, HT-CentCh=8, VHT-CentCh=58
serial-ttyusb02610144155mt7615_apply_cal_data() : eeprom 0x52 bit 1 is 0, do runtime cal , skip RX reload
serial-ttyusb02610144155mt7615_apply_cal_data() : eeprom 0x52 bit 0 is 0, do runtime cal , skip TX reload
serial-ttyusb02610144155MtCmdChannelSwitch: control_chl = 8,control_ch2=0, central_chl = 8 DBDCIdx= 0, Band= 0 
serial-ttyusb02610144155BW = 0,TXStream = 2, RXStream = 2, scan(0)
serial-ttyusb02610144155ap_phy_rrm_init_byRf(): AP Set CentralFreq at 8(Prim=8, HT-CentCh=8, VHT-CentCh=58, BBP_BW=0)
serial-ttyusb02610144155BndStrg_SetInfFlags(): BSS(00:AA:BB:01:23:47) set 2G Inf ra3 ready.
serial-ttyusb02610144155LeadTimeForBcn, OmacIdx = 17, WDEV_WITH_BCN_ABILITY
serial-ttyusb02610144155Generate UUID for apidx(7)
serial-ttyusb02610144155UUID: c1269dc4, len = 16
serial-ttyusb026101441550x0000 : bc 32 9e 00 1d d8 11 b2 86 01 00 aa bb 01 23 47 
serial-ttyusb02610144155
serial-ttyusb02610144155WscUUIDInit::init WPS check UUID param
serial-ttyusb02610144155device ra3 entered promiscuous mode
serial-ttyusb02610144155updateDevBandWidthMac:index=1,00:aa:bb:01:23:47
serial-ttyusb02610144155updateDevBandWidthMac:index=1,00:aa:bb:01:23:47
serial-ttyusb02610144155TCSUPPORT_WLAN_WDS
serial-ttyusb02610144155change telnet
serial-ttyusb02610144155SSH
serial-ttyusb02610144155no specific node
serial-ttyusb02610144155TC3162 hardware watchdog initialized
serial-ttyusb02610144155four ports
serial-ttyusb02610144155device eth0.1 is not a slave of br0
serial-ttyusb02610144156device eth0.2 is not a slave of br0
serial-ttyusb02610144156
serial-ttyusb02610144156Enabling SSL security system
serial-ttyusb02610144156Couldn't read SSL keys![01/Jan/1970:00:00:33 +0000] boa_ssl.c:77 - 
serial-ttyusb02610144156Couldn't read SSL key!: No such file or directory
serial-ttyusb02610144156device eth0.3 is not a slave of br0
serial-ttyusb02610144156device eth0.4 is not a slave of br0
serial-ttyusb02610144156device eth0 is already a member of a bridge; can't enslave it to bridge br0.
serial-ttyusb02610144156
serial-ttyusb02610144156device eth0.1 entered promiscuous mode
serial-ttyusb02610144156device eth0.2 entered promiscuous mode
serial-ttyusb02610144156device eth0.3 entered promiscuous mode
serial-ttyusb02610144156device eth0.4 entered promiscuous mode
serial-ttyusb02610144156device eth0 left promiscuous mode
serial-ttyusb02610144156br0: port 1(eth0) entering disabled state
serial-ttyusb02610144156pon_vlan_init
serial-ttyusb02610144156
serial-ttyusb02610144156Multi Lan port
serial-ttyusb02610144156 initilize xpon igmp module....======[xpon_igmp_init] before xpon_igmp_acl_filter======
serial-ttyusb02610144156======[xpon_igmp_init] before xpon_hwnat_drop_multicast======
serial-ttyusb02610144156done!
serial-ttyusb02610144157pon_mac_filter_init
serial-ttyusb02610144157
serial-ttyusb02610144157Multi Lan portSIOCSIFMTU: Invalid argument
serial-ttyusb02610144157*reg=00001640 value:00000000 (ext_switch:0)
serial-ttyusb02610144157mtd[readflash]:device=reservearea tclen=512 tcoffset=656384
serial-ttyusb02610144157Unlocking reservearea ...
serial-ttyusb02610144157Reading from reservearea to /tmp/productlinecwmpfile ... 
serial-ttyusb02610144157mtd[readflash]:
serial-ttyusb02610144157 gpon_boot main strlen(tempbuffer)=15,trx:256devi
serial-ttyusb02610144157 gpon_boot main fwver=VT1.01.7.3.235
serial-ttyusb02610144157,trx->version:VT1.01.7.3.235
serial-ttyusb02610144157
serial-ttyusb02610144157ce=tclinux tclen=32 tcoffset=0
serial-ttyusb02610144157Unlocking tclinux ...
serial-ttyusb02610144157Reading from tclinux to /tmp/main_trx.bin ... 
serial-ttyusb02610144157mtd[readflash]:device=tclin
serial-ttyusb02610144157 gpon_boot slave fwver=VT1.01.7.3.235
serial-ttyusb02610144157
serial-ttyusb02610144157ux_slave tclen=32 tcoffset=0
serial-ttyusb02610144157Unlocking tclinux_slave ...
serial-ttyusb02610144157Reading from tclinux_slave to /tmp/slave_trx.bin ... 
serial-ttyusb0261014415700:00:35 imgr.c [71]: Initial system driver.
serial-ttyusb0261014415700:00:35 imgr.c [77]: Initial pthread parameters.
serial-ttyusb0261014415700:00:35 imgr.c [83]: Initial dispatcher.
serial-ttyusb0261014415700:00:35 dspch_init.c [23]: Create IPC trap message queue
serial-ttyusb0261014415700:00:35 dspch_init.c [36]: Create IPC trap message queue
serial-ttyusb0261014415700:00:35 imgr.c [89]: Initial database manager.
serial-ttyusb0261014415700:00:35 dbmgr_init.c [32]: Create database memory.
serial-ttyusb0261014415700:00:35 dbmgr_init.c [38]: Create the share database memory successful.
serial-ttyusb0261014415700:00:35 dbmgr_init.c [41]: The total share database size is 0.
serial-ttyusb0261014415700:00:35 imgr.c [95]: Initial config manager.
serial-ttyusb0261014415700:00:35 imgr.c [101]: Initial fault manager.
serial-ttyusb0261014415700:00:35 imgr.c [107]: Initial performance manager.
serial-ttyusb02610144157========================insmod iptable_filter=======================
serial-ttyusb02610144157chmod: /userfs/profile.cfg: Read-only file system
serial-ttyusb02610144158telnetd: starting
serial-ttyusb02610144158  port: 23; login program: /userfs/bin/cli
serial-ttyusb02610144158/etc/isp0.conf
serial-ttyusb02610144158Plugin libpppoe.so loaded.
serial-ttyusb02610144158RP-PPPoE plugin version 3.8p compiled against pppd 2.4.5
serial-ttyusb02610144159
serial-ttyusb02610144159****filename is 111 nas0
serial-ttyusb02610144159/etc/isp1.conf
serial-ttyusb02610144159Cannot find device "imq0"
serial-ttyusb02610144159bad action parsing
serial-ttyusb02610144159parse_action: bad value (5:mirred)!
serial-ttyusb02610144159Illegal fw "action"
serial-ttyusb02610144159info, udhcpc (v0.9.9-pre) started
serial-ttyusb02610144159BusyBox v1.00 (2018.09.14-07:36+0000) multi-call binary
serial-ttyusb02610144159
serial-ttyusb02610144159Usage: chmod [-R] MODE[,MODE]... FILE...
serial-ttyusb02610144159
serial-ttyusb02610144159rm: cannot remove `/etc/nas1_gateway.conf': No such file or directory
serial-ttyusb02610144159debug, Sending discover...
serial-ttyusb02610144159
serial-ttyusb02610144159****filename is 111 nas1
serial-ttyusb02610144159/etc/isp2.conf
serial-ttyusb02610144159Cannot find device "imq0"
serial-ttyusb02610144159bad action parsing
serial-ttyusb02610144159parse_action: bad value (5:mirred)!
serial-ttyusb02610144159Illegal fw "action"
serial-ttyusb02610144159info, udhcpc (v0.9.9-pre) started
serial-ttyusb02610144159BusyBox v1.00 (2018.09.14-07:36+0000) multi-call binary
serial-ttyusb02610144159
serial-ttyusb02610144159Usage: chmod [-R] MODE[,MODE]... FILE...
serial-ttyusb02610144159
serial-ttyusb02610144159rm: cannot remove `/etc/nas2_gateway.conf': No such file or directory
serial-ttyusb02610144159debug, Sending discover...
serial-ttyusb02610144200
serial-ttyusb02610144200****filename is 111 nas2
serial-ttyusb02610144200/etc/isp3.conf
serial-ttyusb02610144200Cannot find device "imq0"
serial-ttyusb02610144200bad action parsing
serial-ttyusb02610144200parse_action: bad value (5:mirred)!
serial-ttyusb02610144200Illegal fw "action"
serial-ttyusb02610144200info, udhcpc (v0.9.9-pre) started
serial-ttyusb02610144200BusyBox v1.00 (2018.09.14-07:36+0000) multi-call binary
serial-ttyusb02610144200
serial-ttyusb02610144200Usage: chmod [-R] MODE[,MODE]... FILE...
serial-ttyusb02610144200
serial-ttyusb02610144200rm: cannot remove `/etc/nas3_gateway.conf': No such file or directory
serial-ttyusb02610144200debug, Sending discover...
serial-ttyusb02610144200
serial-ttyusb02610144200****filename is 111 nas3
serial-ttyusb02610144200/etc/isp4.conf
serial-ttyusb02610144200/etc/isp5.conf
serial-ttyusb02610144200Cannot find device "imq0"
serial-ttyusb02610144200bad action parsing
serial-ttyusb02610144200parse_action: bad value (5:mirred)!
serial-ttyusb02610144200Illegal fw "action"
serial-ttyusb02610144200/etc/isp6.conf
serial-ttyusb02610144200/etc/isp7.conf
serial-ttyusb02610144200br0: port 8(eth0.4) entering forwarding state
serial-ttyusb02610144200br0: port 8(eth0.4) entering forwarding state
serial-ttyusb02610144200br0: port 7(eth0.3) entering forwarding state
serial-ttyusb02610144200br0: port 7(eth0.3) entering forwarding state
serial-ttyusb02610144200br0: port 6(eth0.2) entering forwarding state
serial-ttyusb02610144200br0: port 6(eth0.2) entering forwarding state
serial-ttyusb02610144200br0: port 5(eth0.1) entering forwarding state
serial-ttyusb02610144200br0: port 5(eth0.1) entering forwarding state
serial-ttyusb02610144200br0: port 4(ra3) entering forwarding state
serial-ttyusb02610144200br0: port 4(ra3) entering forwarding state
serial-ttyusb02610144200br0: port 3(ra0) entering forwarding state
serial-ttyusb02610144200br0: port 3(ra0) entering forwarding state
serial-ttyusb02610144200br0: port 2(rai0) entering forwarding state
serial-ttyusb02610144200br0: port 2(rai0) entering forwarding state
serial-ttyusb02610144201done
serial-ttyusb02610144201Check lan boot wanAccesLanWeb status is No 
serial-ttyusb02610144201iptables: No chain/target/match by that name.
serial-ttyusb02610144201iptables: No chain/target/match by that name.
serial-ttyusb02610144201iptables: No chain/target/match by that name.
serial-ttyusb02610144201iptables: No chain/target/match by that name.
serial-ttyusb02610144201iptables: No chain/target/match by that name.
serial-ttyusb02610144201iptables: No chain/target/match by that name.
serial-ttyusb02610144201updateDevBandWidthMac:index=2,f4:8e:38:b4:40:91
serial-ttyusb02610144201updateDevBandWidthMac:index=2,f4:8e:38:b4:40:91
serial-ttyusb02610144202Radvd function activated!
serial-ttyusb02610144202radvd starting
serial-ttyusb02610144202Enter set first loop, IP addr by radvd
serial-ttyusb02610144202iptables: Bad rule (does a matching rule exist in that chain?).
serial-ttyusb02610144202iptables: Bad rule (does a matching rule exist in that chain?).
serial-ttyusb02610144202/bin/sh: /tmp/deldhcp6s is disabled!
serial-ttyusb02610144202_radvd_prefix.sh: not found
serial-ttyusb02610144202killall: dropbear: no process killed
serial-ttyusb02610144202info, udhcpd (v0.9.9-pre) started
serial-ttyusb02610144202error, Unable to open /etc/udhcpd.leases for reading
serial-ttyusb02610144202/bin/sh: /userfs/bin/dproxy: not found
serial-ttyusb02610144202mtcphy[1]: Link-down!!!
serial-ttyusb02610144202read WLAN driver from rt_device success!
serial-ttyusb02610144202killall: wscd: no process killed
serial-ttyusb02610144202killall: bndstrg2: no process killed
serial-ttyusb02610144202read WLAN driver from rt_device success!
serial-ttyusb02610144202killall: wscd: no process killed
serial-ttyusb02610144202valid subcommands:
serial-ttyusb02610144202adsl                                                            
serial-ttyusb02610144202
serial-ttyusb02610144202Enter cwmp boot, we will start tr69 Process
serial-ttyusb02610144202TCSUPPORT_USBHOST
serial-ttyusb02610144203SCSI subsystem initialized
serial-ttyusb02610144203usbcore: registered new interface driver usbfs
serial-ttyusb02610144203usbcore: registered new interface driver hub
serial-ttyusb02610144203usbcore: registered new device driver usb
serial-ttyusb02610144203BGA USB PHY config
serial-ttyusb02610144203port 0 u2_slew_rate_calibration
serial-ttyusb02610144203FM_OUT value = 137(0x00000089)
serial-ttyusb02610144203SR calibration value = 4
serial-ttyusb02610144203port 1 u2_slew_rate_calibration
serial-ttyusb02610144203FM_OUT value = 136(0x00000088)
serial-ttyusb02610144204SR calibration value = 4
serial-ttyusb02610144204USB driver version: 751221.2.20160516
serial-ttyusb02610144204xhc_mtk xhc_mtk: xHCI Host Controller
serial-ttyusb02610144204xhc_mtk xhc_mtk: new USB bus registered, assigned bus number 1
serial-ttyusb02610144204xhc_mtk xhc_mtk: irq 18, io mem 0x1fb90000
serial-ttyusb02610144204hub 1-0:1.0: USB hub found
serial-ttyusb02610144204hub 1-0:1.0: 2 ports detected
serial-ttyusb02610144204xhc_mtk xhc_mtk: xHCI Host Controller
serial-ttyusb02610144204xhc_mtk xhc_mtk: new USB bus registered, assigned bus number 2
serial-ttyusb02610144204hub 2-0:1.0: USB hub found
serial-ttyusb02610144204hub 2-0:1.0: 1 port detected
serial-ttyusb02610144204Initializing USB Mass Storage driver...
serial-ttyusb02610144204usbcore: registered new interface driver usb-storage
serial-ttyusb02610144204USB Mass Storage support registered.
serial-ttyusb02610144204fuse init (API version 7.15)
serial-ttyusb02610144204killall: klogd: no process killed
serial-ttyusb02610144204killall: syslogd: no process killed
serial-ttyusb02610144204ftp switch turn on
serial-ttyusb02610144205sip switch turn on
serial-ttyusb02610144205h323 switch turn on
serial-ttyusb02610144205rtsp switch turn on
serial-ttyusb02610144205l2tp switch turn on,sw_state=
serial-ttyusb02610144205iptables: Bad rule (does a matching rule exist in that chain?).
serial-ttyusb02610144205ipsec switch turn on,sw_state=
serial-ttyusb02610144205iptables: Bad rule (does a matching rule exist in that chain?).
serial-ttyusb02610144205pptp switch turn on
serial-ttyusb02610144205Parental Control: parental_execute() Enter.
serial-ttyusb02610144205iptables v1.4.10: Couldn't find target `parental_chain'
serial-ttyusb02610144205
serial-ttyusb02610144205Try `iptables -h' or 'iptables --help' for more information.
serial-ttyusb02610144205iptables v1.4.10: Couldn't find target `parental_igmp_chain'
serial-ttyusb02610144205
serial-ttyusb02610144205Try `iptables -h' or 'iptables --help' for more information.
serial-ttyusb02610144205iptables: No chain/target/match by that name.
serial-ttyusb02610144205iptables: No chain/target/match by that name.
serial-ttyusb02610144205USB already insert
serial-ttyusb02610144205val_string = 0
serial-ttyusb02610144205,count=2
serial-ttyusb02610144205val_string = 0
serial-ttyusb02610144205,count=2
serial-ttyusb02610144205set olt type: 0
serial-ttyusb02610144205echo used greatest stack depth: 7656 bytes left
serial-ttyusb02610144205valid subcommands:
serial-ttyusb02610144205adsl                                                            
serial-ttyusb02610144205mtd[readflash]:device=reservearea tclen=1 tcoffgpon_boot: buffer =1
serial-ttyusb02610144205set=659455
serial-ttyusb02610144205Unlocking reservearea ...
serial-ttyusb02610144205Reading from reservearea to /tmp/image
serial-ttyusb02610144205Send OAM Update config!
serial-ttyusb02610144205!_boot_flag_read ... 
serial-ttyusb02610144205Unlocking romfile ...
serial-ttyusb02610144205Writing from /tmp/var/romfile.cfg to romfile ... 
serial-ttyusb02610144205 [w]
serial-ttyusb02610144205
serial-ttyusb02610144205parameter_init(), buf = 
serial-ttyusb02610144205parameter_init(), buf = mtphy[1]:Link-up at 1000 F.
serial-ttyusb02610144205ALL 0x1E,0x9B =0x302
serial-ttyusb02610144205ALL 0x1E,0x9C =0x202
serial-ttyusb02610144205BB1 lch_mse_mdcA =0x3
serial-ttyusb02610144205BB2 lch_mse_mdcB =0x2
serial-ttyusb02610144205BB3 lch_mse_mdcC =0x2
serial-ttyusb02610144205BB4 lch_mse_mdcD =0x2
serial-ttyusb02610144205
serial-ttyusb02610144205sendOmciCmdMsg open message queue fail!==>getMacEntryByIndex(): no sta existance
serial-ttyusb02610144205==>getMacEntryByIndex(): no sta existance
serial-ttyusb02610144205Daemon Successfully forked (pid: 1511)
serial-ttyusb02610144205==>getMacEntryByIndex(): no sta existance
serial-ttyusb02610144205==>getMacEntryByIndex(): no sta existance
serial-ttyusb02610144205==>getMacEntryByIndex(): no sta existance
serial-ttyusb02610144205==>getMacEntryByIndex(): no sta existance
serial-ttyusb02610144205==>getMacEntryByIndex(): no sta existance
serial-ttyusb02610144205==>getMacEntryByIndex(): no sta existance
serial-ttyusb02610144207
serial-ttyusb02610144208Please press Enter to activate this console. tr069 tcapi mode is 1
serial-ttyusb02610144208
serial-ttyusb02610144208Enabling SSL security systemthe command is on
serial-ttyusb02610144208, the len is 3
serial-ttyusb02610144208the command is lanip1:192.168.1.1 255.255.255.0
serial-ttyusb02610144208, the len is 33
serial-ttyusb02610144208index1 lan ip 192.168.1.1 lan mask 255.255.255.0
serial-ttyusb02610144208lan ip index1 0xc0a80101 lan mask 0xffffff00
serial-ttyusb02610144208
serial-ttyusb02610144208Couldn't read SSL keys!the command is PC_addr 192.168.1.1/cgi-bin/portal.asp
serial-ttyusb02610144208, the len is 39
serial-ttyusb02610144208the command is autoip:
serial-ttyusb02610144208, the len is 8
serial-ttyusb02610144208auto ip  auto mask 
serial-ttyusb02610144208auto ip 0x0 auto mask 0x0
serial-ttyusb02610144210
serial-ttyusb02610144210Enabling SSL security system
serial-ttyusb02610144210Couldn't read SSL keys!
serial-ttyusb02610144210
serial-ttyusb02610144210send message ok!
serial-ttyusb02610144210Send OAM Update config!
serial-ttyusb02610144211!
serial-ttyusb02610144212Send OAM Update config!
serial-ttyusb02610144212!Link State: LAN_1 up.
serial-ttyusb02610144212periodic inform time 0001-01-01T00:00:00Z unknown!
serial-ttyusb02610144212ThreadedTimerCheck: get last for first time
serial-ttyusb02610144212==>getMacEntryByIndex(): no sta existance
serial-ttyusb02610144212==>getMacEntryByIndex(): no sta existance
serial-ttyusb02610144212==>getMacEntryByIndex(): no sta existance
serial-ttyusb02610144212==>getMacEntryByIndex(): no sta existance
serial-ttyusb02610144212==>getMacEntryByIndex(): no sta existance
serial-ttyusb02610144212==>getMacEntryByIndex(): no sta existance
serial-ttyusb02610144212==>getMacEntryByIndex(): no sta existance
serial-ttyusb02610144212==>getMacEntryByIndex(): no sta existance
serial-ttyusb02610144212
serial-ttyusb02610144212Enabling SSL security system
serial-ttyusb02610144243SSL security system enabled
serial-ttyusb02610144243Welcome to Foxconn
serial-ttyusb02610144243login: 
serial-ttyusb02610144243Welcome to Foxconn
serial-ttyusb02610144243login: ambit
serial-ttyusb02610144243Password: ----------
serial-ttyusb02610144243ftp-gpon$retsh foxconn168!
serial-ttyusb02610144244# cat /etc/udhcp_lease
serial-ttyusb02610144244F4:8E:38:B4:40:91 192.168.1.2 86452 quynh-Inspiron-3650
﻿quynh-inspiron-3650-26-10-14-42-47--ifconfig > /home/quynh/OutputOfCommand/Command_01_Results.txt
quynh-inspiron-3650-26-10-14-42-47--
quynh-inspiron-3650-26-10-14-42-47--grep -r "inet addr" /home/quynh/OutputOfCommand/Command_01_Results.txt | cut -d ":" -f 2 | cut -d " " -f 1 > /home/quynh/OutputOfCommand/IP_Local
quynh-inspiron-3650-26-10-14-42-47--
quynh-inspiron-3650-26-10-14-42-47--cat /home/quynh/LogOutputOfSpecificCommand/Command_01_Results.txt | cut -d ' ' -f 2 > /home/quynh/OutputOfCommand/IP_Board.txt
quynh-inspiron-3650-26-10-14-42-47--
quynh-inspiron-3650-26-10-14-42-47--root@quynh-Inspiron-3650:/root# ifconfig > /home/quynh/OutputOfCommand/Command_01_Results.txt
quynh-inspiron-3650-26-10-14-42-47--root@quynh-Inspiron-3650:/root# 
quynh-inspiron-3650-26-10-14-42-47--root@quynh-Inspiron-3650:/root# grep -r "inet addr" /home/quynh/OutputOfCommand/Command_01_Results.txt | cut -d ":" -f 2 | cut -d " " -f 1 > /home/quynh/OutputOfCommand/IP_Local
quynh-inspiron-3650-26-10-14-42-47--root@quynh-Inspiron-3650:/root# 
quynh-inspiron-3650-26-10-14-42-47--root@quynh-Inspiron-3650:/root# cat /home/quynh/LogOutputOfSpecificCommand/Command_01_Results.txt | cut -d ' ' -f 2 > /home/quynh/OutputOfCommand/IP_Board.txt
quynh-inspiron-3650-26-10-14-42-47--root@quynh-Inspiron-3650:/root# 
﻿serial-ttyusb02610144351reboot
serial-ttyusb02610144351
serial-ttyusb02610144351Send OAM Update config!
serial-ttyusb02610144352!WifiSysClose(), wdev idx = 4
serial-ttyusb02610144352WifiSysGetBssInfoState(): BssInfoIdx 1 not found!!!
serial-ttyusb02610144352WifiSysUpdateBssInfoState(): BssInfoIdx 1 not found!!!
serial-ttyusb02610144352BndStrg_SetInfFlags(): BSS(00:AA:BB:01:23:40) set 2G Inf ra0 not ready.
serial-ttyusb02610144352
serial-ttyusb02610144352br0: port 3(ra0) entering forwarding state
serial-ttyusb02610144352WifiSysClose(), wdev idx = 7
serial-ttyusb02610144352WifiSysGetBssInfoState(): BssInfoIdx 2 not found!!!
serial-ttyusb02610144352WifiSysUpdateBssInfoState(): BssInfoIdx 2 not found!!!
serial-ttyusb02610144352BndStrg_SetInfFlags(): BSS(00:AA:BB:01:23:47) set 2G Inf ra3 not ready.
serial-ttyusb02610144352
serial-ttyusb02610144352br0: port 4(ra3) entering forwarding state
serial-ttyusb02610144352WifiSysClose(), wdev idx = 0
serial-ttyusb02610144352WifiSysGetBssInfoState(): BssInfoIdx 0 not found!!!
serial-ttyusb02610144352WifiSysUpdateBssInfoState(): BssInfoIdx 0 not found!!!
serial-ttyusb02610144352BndStrg_SetInfFlags(): BSS(00:AA:BB:01:23:41) set 5G Inf rai0 not ready.
serial-ttyusb02610144352MtAsicSetPiggyBack(802): Not support for HIF_MT yet!
serial-ttyusb02610144352RTMPSetLEDStatus: before AndesLedEnhanceOP , status=0, LED_CMD=0!
serial-ttyusb02610144352AndesLedEnhanceOP: Success!
serial-ttyusb02610144352WifiSysClose(), wdev idx = 0
serial-ttyusb02610144352BndStrg_SetInfFlags(): 5G Inf rai0 Band steering is already down.
serial-ttyusb02610144352WifiSysClose(), wdev idx = 1
serial-ttyusb02610144352BndStrg_SetInfFlags(): 5G Inf rai1 Band steering is already down.
serial-ttyusb02610144352WifiSysClose(), wdev idx = 2
serial-ttyusb02610144352BndStrg_SetInfFlags(): 5G Inf rai2 Band steering is already down.
serial-ttyusb02610144352WifiSysClose(), wdev idx = 3
serial-ttyusb02610144352BndStrg_SetInfFlags(): 5G Inf rai3 Band steering is already down.
serial-ttyusb02610144352MtAsicSetPiggyBack(802): Not support for HIF_MT yet!
serial-ttyusb02610144352RTMPSetLEDStatus: before AndesLedEnhanceOP , status=0, LED_CMD=0!
serial-ttyusb02610144352AndesLedEnhanceOP: Success!
serial-ttyusb02610144352WifiSysClose(), wdev idx = 4
serial-ttyusb02610144352BndStrg_SetInfFlags(): 2G Inf ra0 Band steering is already down.
serial-ttyusb02610144352WifiSysClose(), wdev idx = 5
serial-ttyusb02610144352BndStrg_SetInfFlags(): 2G Inf ra1 Band steering is already down.
serial-ttyusb02610144352WifiSysClose(), wdev idx = 6
serial-ttyusb02610144352BndStrg_SetInfFlags(): 2G Inf ra2 Band steering is already down.
serial-ttyusb02610144352WifiSysClose(), wdev idx = 7
serial-ttyusb02610144352BndStrg_SetInfFlags(): 2G Inf ra3 Band steering is already down.
serial-ttyusb02610144352kill LoopBackTxTask task failed!
serial-ttyusb02610144352RTMPSetLEDStatus: before AndesLedEnhanceOP , status=4, LED_CMD=1!
serial-ttyusb02610144352AndesLedEnhanceOP: Success!
serial-ttyusb02610144352AndesRestartCheck: Current TOP_MISC2(0x7)
serial-ttyusb02610144352CmdReStartDLRsp: Status Success!, Status(0)
serial-ttyusb02610144352EventExtEventHandler: Unknown Ext Event(6f)
serial-ttyusb02610144352AndesRestartCheck:  TOP_MISC2(1)
serial-ttyusb02610144352RTMPSetLEDStatus: before AndesLedEnhanceOP , status=2, LED_CMD=1!
serial-ttyusb02610144352AndesLedEnhanceOP: Success!
serial-ttyusb02610144352RT28xxPciAsicRadioOff(): Not support for HIF_MT yet!
serial-ttyusb02610144352tx_kickout_fail_count = 0
serial-ttyusb02610144352tx_timeout_fail_count = 0
serial-ttyusb02610144352rx_receive_fail_count = 0
serial-ttyusb02610144352alloc_cmd_msg = 1929
serial-ttyusb02610144352free_cmd_msg = 1929
serial-ttyusb02610144352cut_through_token_list_destroy(): 8b2fb388,8b2fb388
serial-ttyusb02610144352cut_through_token_list_destroy(): 8b2fb398,8b2fb398
serial-ttyusb02610144352FwOwn()::Set Fw Own
serial-ttyusb02610144352BndStrg_Release()
serial-ttyusb02610144352BndStrg_SetInfFlags(): 5G Inf rai0 Band steering is already down.
serial-ttyusb02610144352BndStrg_SetInfFlags(): 5G Inf rai1 Band steering is already down.
serial-ttyusb02610144352BndStrg_SetInfFlags(): 5G Inf rai2 Band steering is already down.
serial-ttyusb02610144352BndStrg_SetInfFlags(): 5G Inf rai3 Band steering is already down.
serial-ttyusb02610144352BndStrg_SetInfFlags(): 2G Inf ra0 Band steering is already down.
serial-ttyusb02610144353BndStrg_SetInfFlags(): 2G Inf ra1 Band steering is already down.
serial-ttyusb02610144353BndStrg_SetInfFlags(): 2G Inf ra2 Band steering is already down.
serial-ttyusb02610144353BndStrg_SetInfFlags(): 2G Inf ra3 Band steering is already down.
serial-ttyusb02610144353RTMP_AllTimerListRelease: Size=0
serial-ttyusb02610144353FwOwn()::Return since already in Fw Own...
serial-ttyusb02610144353<---HwCtrlThread
serial-ttyusb02610144353br0: port 2(rai0) entering forwarding state
serial-ttyusb02610144353SysRq : Resetting
serial-ttyusb02610144353Machine restart ... 
serial-ttyusb02610144353Disable xpon phy Tx power
serial-ttyusb02610144353BGA IC
serial-ttyusb02610144353Xtal:1
serial-ttyusb02610144353DDR3 init.
serial-ttyusb02610144353DRAMC init done. 
serial-ttyusb02610144353Calculate size.
serial-ttyusb02610144353DRAM size=256MB
serial-ttyusb02610144353Set new TRFC.
serial-ttyusb02610144353ddr-1066
serial-ttyusb02610144353
serial-ttyusb026101443537512DRAMC V1.2.2 (0)
serial-ttyusb02610144353Set SPI Flash Clock to 25 Mhz
serial-ttyusb02610144353
serial-ttyusb02610144353
serial-ttyusb02610144353EN751221 at Tue Aug 21 13:48:03 ICT 2018 version 1.1 free bootbase
serial-ttyusb02610144353
serial-ttyusb02610144353Memory size 256MB
serial-ttyusb02610144353
serial-ttyusb02610144353Set SPI Flash Clock to 25 Mhz
serial-ttyusb02610144353spi_nand_probe: mfr_id=0xc2, dev_id=0x12
serial-ttyusb02610144353Dected SPI NAND Flash : _SPI_NAND_DEVICE_ID_MXIC35LF1G, Flash Size=0x8000000
serial-ttyusb02610144353bmt pool size: 81 
serial-ttyusb02610144353BMT & BBT Init Success 
serial-ttyusb02610144353
serial-ttyusb02610144355Press any key in 3 secs to enter boot command mode.
serial-ttyusb02610144358............................................................
serial-ttyusb02610144358
serial-ttyusb02610144358
serial-ttyusb02610144358Invalid Power GPIO, just return and don't turn on Power LED 
serial-ttyusb02610144402
serial-ttyusb02610144407==> boot flag = 1Decompress to 80002000 free_mem_ptr=80750000 free_mem_ptr_end=807B0000
serial-ttyusb02610144407from slave
serial-ttyusb02610144410Uncompressing [LZMA] ...  done.
serial-ttyusb02610144410Linux version 2.6.36 (root@guoda-VirtualBox) (gcc version 4.3.6 (Buildroot 2012.05) ) #177 SMP Fri Sep 14 14:34:02 ICT 2018
serial-ttyusb02610144410ISPRAM0: PA=002e0000,Size=00010000,enabled
serial-ttyusb02610144410memsize:256MB
serial-ttyusb02610144410EcoNet EN751221 SOC prom init
serial-ttyusb02610144410bootconsole [early0] enabled
serial-ttyusb02610144410CPU revision is: 00019558 (MIPS 34Kc)
serial-ttyusb02610144410Determined physical RAM map:
serial-ttyusb02610144410 memory: 0ffe0000 @ 00020000 (usable)
serial-ttyusb02610144410Wasting 1024 bytes for tracking 32 unused pages
serial-ttyusb02610144410Zone PFN ranges:
serial-ttyusb02610144410  Normal   0x00000020 -> 0x00010000
serial-ttyusb02610144410Movable zone start PFN for each node
serial-ttyusb02610144410early_node_map[1] active PFN ranges
serial-ttyusb02610144410    0: 0x00000020 -> 0x00010000
serial-ttyusb026101444103 available secondary CPU TC(s)
serial-ttyusb02610144410PERCPU: Embedded 7 pages/cpu @81203000 s7168 r8192 d13312 u65536
serial-ttyusb02610144410pcpu-alloc: s7168 r8192 d13312 u65536 alloc=16*4096
serial-ttyusb02610144410pcpu-alloc: [0] 0 [0] 1 [0] 2 [0] 3 
serial-ttyusb02610144410Built 1 zonelists in Zone order, mobility grouping on.  Total pages: 64992
serial-ttyusb02610144410Kernel command line:  es=1
serial-ttyusb02610144410PID hash table entries: 1024 (order: 0, 4096 bytes)
serial-ttyusb02610144410Dentry cache hash table entries: 32768 (order: 5, 131072 bytes)
serial-ttyusb02610144410Inode-cache hash table entries: 16384 (order: 4, 65536 bytes)
serial-ttyusb02610144410Primary instruction cache 64kB, VIPT, 4-way, linesize 32 bytes.
serial-ttyusb02610144410Primary data cache 32kB, 4-way, VIPT, cache aliases, linesize 32 bytes
serial-ttyusb02610144410Writing ErrCtl register=000344f0
serial-ttyusb02610144410Readback ErrCtl register=000344f0
serial-ttyusb02610144410nmi base is 81274200
serial-ttyusb02610144410Memory: 255652k/262016k available (2968k kernel code, 6364k reserved, 627k data, 224k init, 0k highmem)
serial-ttyusb02610144410SLUB: Genslabs=7, HWalign=32, Order=0-3, MinObjects=0, CPUs=4, Nodes=1
serial-ttyusb02610144410Hierarchical RCU implementation.
serial-ttyusb02610144410        RCU-based detection of stalled CPUs is disabled.
serial-ttyusb02610144410        Verbose stalled-CPUs detection is disabled.
serial-ttyusb02610144410NR_IRQS:64
serial-ttyusb02610144411CPU frequency 900.00 MHz
serial-ttyusb02610144411 Using 199.996 MHz high precision timer.
serial-ttyusb02610144411console [ttyS0] enabled, bootconsole disabled
serial-ttyusb02610144411console [ttyS0] enabled, bootconsole disabled
serial-ttyusb02610144411Calibrating delay loop... 599.65 BogoMIPS (lpj=2998272)
serial-ttyusb02610144411pid_max: default: 32768 minimum: 301
serial-ttyusb02610144411Mount-cache hash table entries: 512
serial-ttyusb0261014441134K sync es set to 1.
serial-ttyusb02610144411Config7: 0x80080500
serial-ttyusb02610144411Limit of 4 TCs set
serial-ttyusb02610144411TLB of 64 entry pairs shared by 2 VPEs
serial-ttyusb02610144411VPE 0: TC 0 1 2, VPE 1: TC 3
serial-ttyusb02610144411IPI buffer pool of 16 buffers
serial-ttyusb02610144412CPU revision is: 00019558 ((null))
serial-ttyusb02610144412TC 1 going on-line as CPU 1
serial-ttyusb02610144412CPU revision is: 00019558 ((null))
serial-ttyusb02610144412TC 2 going on-line as CPU 2
serial-ttyusb02610144412CPU revision is: 00019558 ((null))
serial-ttyusb02610144412TC 3 going on-line as CPU 3
serial-ttyusb02610144412Brought up 4 CPUs
serial-ttyusb02610144412NET: Registered protocol family 16
serial-ttyusb02610144412PCIe driver version: 751221.3.20160516
serial-ttyusb02610144412MT7512_pcie_init
serial-ttyusb02610144412check pcie link up status: 
serial-ttyusb02610144412isRC0_LINKUP=0 
serial-ttyusb02610144412isRC1_LINKUP=1 
serial-ttyusb02610144412registering PCI controller with io_map_base unset
serial-ttyusb02610144412bio: create slab <bio-0> at 0
serial-ttyusb02610144412pci 0000:00:01.0: BAR 8: assigned [mem 0x20000000-0x200fffff]
serial-ttyusb02610144412pci 0000:00:00.0: PCI bridge to [bus 01-01]
serial-ttyusb02610144412pci 0000:00:00.0:   bridge window [io  disabled]
serial-ttyusb02610144412pci 0000:00:00.0:   bridge window [mem disabled]
serial-ttyusb02610144412pci 0000:00:00.0:   bridge window [mem pref disabled]
serial-ttyusb02610144412pci 0000:02:00.0: BAR 0: assigned [mem 0x20000000-0x200fffff 64bit]
serial-ttyusb02610144412pci 0000:02:00.0: BAR 0: set to [mem 0x20000000-0x200fffff 64bit] (PCI address [0x20000000-0x200fffff]
serial-ttyusb02610144412pci 0000:00:01.0: PCI bridge to [bus 02-02]
serial-ttyusb02610144412pci 0000:00:01.0:   bridge window [io  disabled]
serial-ttyusb02610144412pci 0000:00:01.0:   bridge window [mem 0x20000000-0x200fffff]
serial-ttyusb02610144412pci 0000:00:01.0:   bridge window [mem pref disabled]
serial-ttyusb02610144412PCI: Enabling device 0000:00:01.0 (0000 -> 0002)
serial-ttyusb02610144413NET: Registered protocol family 8
serial-ttyusb02610144413NET: Registered protocol family 20
serial-ttyusb02610144413Switching to clocksource MIPS
serial-ttyusb02610144413NET: Registered protocol family 2
serial-ttyusb02610144413IP route cache hash table entries: 2048 (order: 1, 8192 bytes)
serial-ttyusb02610144413TCP established hash table entries: 8192 (order: 4, 65536 bytes)
serial-ttyusb02610144413TCP bind hash table entries: 8192 (order: 4, 65536 bytes)
serial-ttyusb02610144413TCP: Hash tables configured (established 8192 bind 8192)
serial-ttyusb02610144413TCP reno registered
serial-ttyusb02610144413UDP hash table entries: 128 (order: 0, 4096 bytes)
serial-ttyusb02610144413UDP-Lite hash table entries: 128 (order: 0, 4096 bytes)
serial-ttyusb02610144413NET: Registered protocol family 1
serial-ttyusb02610144413
serial-ttyusb02610144413 mt7512_pcie_fixup: 0x3438 = 20000014 
serial-ttyusb02610144413 mt7512_pcie_rc1_retrain: 80 = 01408c12 80 = 01608c12
serial-ttyusb02610144413RC1 Link Traing Result: 10120008
serial-ttyusb02610144413TC3162 hardware watchdog module loaded.
serial-ttyusb02610144413squashfs: version 4.0 (2009/01/31) Phillip Lougher
serial-ttyusb02610144413msgmni has been set to 499
serial-ttyusb02610144413cryptomgr_test used greatest stack depth: 15632 bytes left
serial-ttyusb02610144414io scheduler noop registered (default)
serial-ttyusb02610144414ttyS0 at I/O 0xbfbf0003 (irq = 1) is a TC3162
serial-ttyusb02610144414ECNT ring buffer init success
serial-ttyusb02610144414brd: module loaded
serial-ttyusb02610144414
serial-ttyusb02610144414SPI Flash Init Start
serial-ttyusb02610144414Found no SPI flash device
serial-ttyusb02610144414IS_SPIFLASH=0x0, IS_NANDFLASH=0x2, (0xBFA10114)=0x6)
serial-ttyusb02610144414SPI_NAND_Flash_init: before init, mtx_mode_tog=0xl9, manaul_en=0x1
serial-ttyusb02610144414spi_nand_probe: mfr_id=0xc2, dev_id=0x12
serial-ttyusb02610144414Dected SPI NAND Flash : _SPI_NAND_DEVICE_ID_MXIC35LF1G, Flash Size=0x8000000
serial-ttyusb02610144414spi nand flash
serial-ttyusb02610144414tc3162: flash device 0x01000000 at 0x1c000000
serial-ttyusb02610144414EN7512 mtd init: spi nand probe enter
serial-ttyusb02610144414[spi_nand_setup] : Enter 
serial-ttyusb02610144414NAND device: Manufacturer ID: 0xc2, Chip ID: 0x12 (Unknown _SPI_NAND_DEVICE_ID_MXIC35LF1G)
serial-ttyusb02610144414nand_scan_ident ok
serial-ttyusb02610144414[spi_nand_setup]: chip size =  0x8000000, erase_shift=0x11
serial-ttyusb02610144414calc_bmt_pool_size : need_valid_block_num=0x51, total_block=0x400
serial-ttyusb02610144414bmt pool size: 81 
serial-ttyusb02610144414BMT & BBT Init Success 
serial-ttyusb02610144414
serial-ttyusb02610144414parsing <0[bootloader],0[romfile],20M[tclinux],-[tclinux_slave]>
serial-ttyusb02610144414partition 7: name <tclinux_slave>, offset ffffffff, size ffffffff, mask flags 0
serial-ttyusb02610144414partition 4: name <tclinux>, offset ffffffff, size 1400000, mask flags 0
serial-ttyusb02610144414partition 1: name <romfile>, offset ffffffff, size fffffffe, mask flags 0
serial-ttyusb02610144414partition 0: name <bootloader>, offset ffffffff, size fffffffe, mask flags 0
serial-ttyusb02610144414Creating 9 MTD partitions on "EN7512-SPI_NAND":
serial-ttyusb026101444140x000000000000-0x000000040000 : "bootloader"
serial-ttyusb026101444140x000000040000-0x000000080000 : "romfile"
serial-ttyusb026101444140x000000080000-0x0000001b8c68 : "kernel"
serial-ttyusb02610144414mtd: partition "kernel" doesn't end on an erase block -- force read-only
serial-ttyusb026101444140x0000001b8c68-0x000000be8c68 : "rootfs"
serial-ttyusb02610144414mtd: partition "rootfs" doesn't start on an erase block boundary -- force read-only
serial-ttyusb026101444140x000000080000-0x000001480000 : "tclinux"
serial-ttyusb026101444140x000001480000-0x0000015b8c68 : "kernel_slave"
serial-ttyusb02610144414mtd: partition "kernel_slave" doesn't end on an erase block -- force read-only
serial-ttyusb026101444140x0000015b8c68-0x000001fe8c68 : "rootfs_slave"
serial-ttyusb02610144414mtd: partition "rootfs_slave" doesn't start on an erase block boundary -- force read-only
serial-ttyusb026101444140x000001480000-0x000007500000 : "tclinux_slave"
serial-ttyusb026101444140x000007500000-0x0000075c0000 : "reservearea"
serial-ttyusb02610144414
serial-ttyusb02610144414rootfs_slave
serial-ttyusb02610144414PPP generic driver version 2.4.2
serial-ttyusb02610144414PPP Deflate Compression module registered
serial-ttyusb02610144414PPP BSD Compression module registered
serial-ttyusb02610144414NET: Registered protocol family 24
serial-ttyusb02610144414RT3xxx EHCI/OHCI init.
serial-ttyusb02610144414Netfilter messages via NETLINK v0.30.
serial-ttyusb02610144414nf_conntrack version 0.5.0 (3994 buckets, 15976 max)
serial-ttyusb02610144414ctnetlink v0.93: registering with nfnetlink.
serial-ttyusb02610144414nf_conntrack_rtsp v0.6.21 loading
serial-ttyusb02610144414ip_conntrack_forceportal: load ...
serial-ttyusb02610144414ip_fp: load success
serial-ttyusb02610144414nf_nat_rtsp v0.6.21 loading
serial-ttyusb02610144414ip_tables: (C) 2000-2006 Netfilter Core Team
serial-ttyusb02610144414TCP cubic registered
serial-ttyusb02610144414Initializing XFRM netlink socket
serial-ttyusb02610144414NET: Registered protocol family 10
serial-ttyusb02610144414ip6_tables: (C) 2000-2006 Netfilter Core Team
serial-ttyusb02610144414IPv6 over IPv4 tunneling driver
serial-ttyusb02610144414NET: Registered protocol family 17
serial-ttyusb02610144414NET: Registered protocol family 15
serial-ttyusb02610144414802.1Q VLAN Support v1.8 Ben Greear <greearb@candelatech.com>
serial-ttyusb02610144414All bugs added by David S. Miller <davem@redhat.com>
serial-ttyusb02610144414VFS: Mounted root (squashfs filesystem) readonly on device 31:6.
serial-ttyusb02610144414Freeing unused kernel memory: 224k freed
serial-ttyusb02610144415init used greatest stack depth: 15448 bytes left
serial-ttyusb02610144415busybox init and set aff
serial-ttyusb02610144415init started:  BusyBox v1.00 (2018.09.14-07:36+0000) multi-call binary
serial-ttyusb02610144415[ used greatest stack depth: 14832 bytes left
serial-ttyusb02610144415chmod: /userfs/profile.cfg: Read-only file system
serial-ttyusb02610144415busybox used greatest stack depth: 14280 bytes left
serial-ttyusb02610144415mtd[readflash]:device=reservemtd used greatest stack depth: 14240 bytes left
serial-ttyusb02610144415area tclen=160 tcoffset=656896
serial-ttyusb02610144415Unlocking reservearea ...
serial-ttyusb02610144415Reading from reservearea to /tmp/7570_bob.conf ... 
serial-ttyusb02610144415module_sel: module license 'unspecified' taints kernel.
serial-ttyusb02610144415Disabling lock debugging due to kernel taint
serial-ttyusb02610144415insmod used greatest stack depth: 13928 bytes left
serial-ttyusb02610144415TC3162 LED Manager 0.1 init
serial-ttyusb02610144415
serial-ttyusb02610144415tcledctrl version: tcledctrl V1.1.0.0 (Sep 14 2018-14:34:23).
serial-ttyusb02610144415led path:/userfs/7526gled.conf
serial-ttyusb02610144415insmod used greatest stack depth: 13896 bytes left
serial-ttyusb02610144416tccicmd V1.1.0.0 (Sep 14 2018-14:34:25)
serial-ttyusb02610144416
serial-ttyusb02610144416tcsmux version: tcsmux V1.1.0.0 (Oct 19 2017-15:55:58).
serial-ttyusb02610144416
serial-ttyusb02610144416tcportbind version: tcportbind V1.1.0.0 (Sep 19 2016-18:24:49).
serial-ttyusb02610144416vlantag_drv_init
serial-ttyusb02610144416TCSUPPORT_IPV6
serial-ttyusb02610144416
serial-ttyusb02610144416SIFMaster 0.1 init
serial-ttyusb02610144416
serial-ttyusb02610144416Register sifm cmd
serial-ttyusb02610144416the number of cfg node is 81
serial-ttyusb02610144416portbind_init
serial-ttyusb02610144416autopvc_init
serial-ttyusb02610144416LanguageSwitch_init vendorCfgFile_init The number of cache node is 5
serial-ttyusb02610144416Enter into function:parser_romfile
serial-ttyusb02610144417Johnson check lan write Local lan IP is 192.168.1.1
serial-ttyusb02610144417iptableiptables used greatest stack depth: 13824 bytes left
serial-ttyusb02610144417s v1.4.10: can't initialize iptables table `filter': Table does not exist (do you need to insmod?)
serial-ttyusb02610144417Perhaps iptables or your kernel needs to be upgraded.
serial-ttyusb02610144417iptables v1.4.10: can't initialize iptables table `filter': Table does not exist (do you need to insmod?)
serial-ttyusb02610144417Perhaps iptables or your kernel needs to be upgraded.
serial-ttyusb02610144417iptables v1.4.10: can't initialize iptables table `filter': Table does not exist (do you need to insmod?)
serial-ttyusb02610144417Perhaps iptables or your kernel needs to be upgraded.
serial-ttyusb02610144417iptables v1.4.10: can't initialize iptables table `filter': Table does not exist (do you need to insmod?)
serial-ttyusb02610144417Perhaps iptables or your kernel needs to be upgraded.
serial-ttyusb02610144417iptables v1.4.10: can't initialize iptables table `filter': Table does not exist (do you need to insmod?)
serial-ttyusb02610144417Perhaps iptables or your kernel needs to be upgraded.
serial-ttyusb02610144417iptables v1.4.10: can't initialize iptables table `filter': Table does not exist (do you need to insmod?)
serial-ttyusb02610144417Perhaps iptables or your kernel needs to be upgraded.
serial-ttyusb02610144417iptables v1.4.10: can't initialize iptables table `filter': Table does not exist (do you need to insmod?)
serial-ttyusb02610144417Perhaps iptables or your kernel needs to be upgraded.
serial-ttyusb02610144417iptables v1.4.10: can't initialize iptables table `filter': Table does not exist (do you need to insmod?)
serial-ttyusb02610144417Perhaps iptables or your kernel needs to be upgraded.
serial-ttyusb02610144417iptables: No chain/target/match by that name.
serial-ttyusb02610144417iptables: No chain/target/match by that name.
serial-ttyusb02610144417iptables: No chain/target/match by that name.
serial-ttyusb02610144417iptables: No chain/target/match by that name.
serial-ttyusb02610144417iptables: No chain/target/match by that name.
serial-ttyusb02610144417iptables: No chain/target/match by that name.
serial-ttyusb02610144417The kernel doesn't support the ebtables 'filter' table.
serial-ttyusb02610144417ra0       no private ioctls.
serial-ttyusb02610144417
serial-ttyusb02610144417ra0       no private ioctls.
serial-ttyusb02610144417
serial-ttyusb02610144417rai0      no private ioctls.
serial-ttyusb02610144417
serial-ttyusb02610144417ra1       no private ioctls.
serial-ttyusb02610144417
serial-ttyusb02610144417rai1      no private ioctls.
serial-ttyusb02610144417
serial-ttyusb02610144418ra2       no private ioctls.
serial-ttyusb02610144418
serial-ttyusb02610144418rai2      no private ioctls.
serial-ttyusb02610144418
serial-ttyusb02610144418ra3       no private ioctls.
serial-ttyusb02610144418
serial-ttyusb02610144418rai3      no private ioctls.
serial-ttyusb02610144418
serial-ttyusb02610144418insmod ETH_LAN driver
serial-ttyusb02610144418macType = 0
serial-ttyusb02610144418qdma_lan: physical_size is 0x00200000
serial-ttyusb02610144419ether.c:v1.00-NAPI 29.Mar.2015
serial-ttyusb02610144419eth0: FE MAC Ethernet address: 00:AA:BB:01:23:40
serial-ttyusb02610144419Use External switch ,type 10
serial-ttyusb02610144420tcPhyVerLookUp 3939 9412 
serial-ttyusb02610144420 7530 Ge, 0x1 
serial-ttyusb02610144420MCM MT7530 
serial-ttyusb02610144420 [tcPhyInit] in  [tcPhyInit] out , r31 = (0, 0x0) 
serial-ttyusb02610144420tcPhyVerLookUp 3939 9412 
serial-ttyusb02610144420 7530 Ge, 0x1 
serial-ttyusb02610144420MCM MT7530 
serial-ttyusb02610144420 [tcPhyInit] in  [tcPhyInit] out , r31 = (1, 0x0) 
serial-ttyusb02610144420tcPhyVerLookUp 3939 9412 
serial-ttyusb02610144420 7530 Ge, 0x1 
serial-ttyusb02610144420MCM MT7530 
serial-ttyusb02610144420 [tcPhyInit] in  [tcPhyInit] out , r31 = (2, 0x0) 
serial-ttyusb02610144420tcPhyVerLookUp 3939 9412 
serial-ttyusb02610144420 7530 Ge, 0x1 
serial-ttyusb02610144420MCM MT7530 
serial-ttyusb02610144420 [tcPhyInit] in  [tcPhyInit] out , r31 = (3, 0x0) 
serial-ttyusb02610144420tcPhyVerLookUp 3939 9412 
serial-ttyusb02610144420 7530 Ge, 0x1 
serial-ttyusb02610144420MCM MT7530 
serial-ttyusb02610144420 [tcPhyInit] in  [tcPhyInit] out , r31 = (4, 0x0) 
serial-ttyusb02610144420tcPhyVerLookUp 3939 0 
serial-ttyusb02610144420MCM MT7530 
serial-ttyusb02610144420tcPhyVerLookUp 3939 0 
serial-ttyusb02610144420MCM MT7530 
serial-ttyusb02610144420tcPhyVerLookUp 3939 0 
serial-ttyusb02610144420MCM MT7530 
serial-ttyusb02610144420tcPhyVerLookUp 3939 0 
serial-ttyusb02610144420MCM MT7530 
serial-ttyusb02610144420tcPhyVerLookUp 3939 0 
serial-ttyusb02610144420MCM MT7530 
serial-ttyusb02610144420tcPhyVerLookUp 3939 0 
serial-ttyusb02610144420MCM MT7530 
serial-ttyusb02610144420tcPhyVerLookUp 3939 0 
serial-ttyusb02610144420MCM MT7530 
serial-ttyusb02610144420tcPhyVerLookUp 3939 9451 
serial-ttyusb02610144420 7512 Ge, 
serial-ttyusb02610144420MCM MT7530 
serial-ttyusb02610144420 [tcPhyInit] in  [tcPhyInit] out , r31 = (12, 0x0) 
serial-ttyusb02610144420tcPhyVerLookUp 3939 9451 
serial-ttyusb02610144420 7512 Ge, 
serial-ttyusb02610144420MCM MT7530 
serial-ttyusb02610144420 [tcPhyInit] in  [tcPhyInit] out , r31 = (12, 0x0) 
serial-ttyusb02610144420  GE Rext AnaCal Done! (1)(0x21)  
serial-ttyusb02610144420  GE Rext AnaCal Done! (1)(0x21)  
serial-ttyusb02610144420  GE R50 AnaCal Done! (1) (0x28)(0xa8) 
serial-ttyusb02610144420  GE R50 AnaCal Done! (2) (0x27)(0xa7) 
serial-ttyusb02610144420  GE R50 AnaCal Done! (1) (0x28)(0xa8) 
serial-ttyusb02610144420  GE R50 AnaCal Done! (1) (0x2b)(0xab) 
serial-ttyusb02610144420 GE Tx offset AnaCal Done! (2)(0x2)  
serial-ttyusb02610144420 GE Tx offset AnaCal Done! (2)(0x2)  
serial-ttyusb02610144420 GE Tx offset AnaCal Done! (1)(0x1)  
serial-ttyusb02610144420 GE Tx offset AnaCal Done! (2)(0x22)  
serial-ttyusb02610144420 GE Tx amp AnaCal Saturation!  
serial-ttyusb02610144420 GE Tx amp AnaCal Done! (32) (0x0)
serial-ttyusb02610144420 GE Tx amp AnaCal Done! (pair-1)(0x17)(0x620)
serial-ttyusb02610144420 GE Tx amp AnaCal Done! (28) (0x4)
serial-ttyusb02610144420 GE Tx amp AnaCal Done! (pair-2)(0x19)(0x520)
serial-ttyusb02610144420 GE Tx amp AnaCal Done! (29) (0x3)
serial-ttyusb02610144420 GE Tx amp AnaCal Saturation!  
serial-ttyusb02610144420 GE Tx amp AnaCal Done! (32) (0x0)
serial-ttyusb02610144420tcPhyVerLookUp 3939 9412 
serial-ttyusb02610144420 7530 Ge, 0x1 
serial-ttyusb02610144420MCM MT7530 
serial-ttyusb02610144420tcPhyVerLookUp 3939 9412 
serial-ttyusb02610144420 7530 Ge, 0x1 
serial-ttyusb02610144420MCM MT7530 
serial-ttyusb02610144420tcPhyVerLookUp 3939 9412 
serial-ttyusb02610144420 7530 Ge, 0x1 
serial-ttyusb02610144420MCM MT7530 
serial-ttyusb02610144420tcPhyVerLookUp 3939 9412 
serial-ttyusb02610144420 7530 Ge, 0x1 
serial-ttyusb02610144420MCM MT7530 
serial-ttyusb02610144420tcPhyVerLookUp 3939 9412 
serial-ttyusb02610144420 7530 Ge, 0x1 
serial-ttyusb02610144420MCM MT7530 
serial-ttyusb02610144420tcPhyVerLookUp 3939 0 
serial-ttyusb02610144420MCM MT7530 
serial-ttyusb02610144420tcPhyVerLookUp 3939 0 
serial-ttyusb02610144420MCM MT7530 
serial-ttyusb02610144420tcPhyVerLookUp 3939 0 
serial-ttyusb02610144420MCM MT7530 
serial-ttyusb02610144420tcPhyVerLookUp 3939 0 
serial-ttyusb02610144420MCM MT7530 
serial-ttyusb02610144420tcPhyVerLookUp 3939 0 
serial-ttyusb02610144420MCM MT7530 
serial-ttyusb02610144420tcPhyVerLookUp 3939 0 
serial-ttyusb02610144420MCM MT7530 
serial-ttyusb02610144420tcPhyVerLookUp 3939 0 
serial-ttyusb02610144420MCM MT7530 
serial-ttyusb02610144420tcPhyVerLookUp 3939 9451 
serial-ttyusb02610144420 7512 Ge, 
serial-ttyusb02610144420MCM MT7530 
serial-ttyusb02610144420The kernel doesn't support the ebtables 'filter' table.
serial-ttyusb02610144420The kernel doesn't support the ebtables 'filter' table.WPSActiveStatus = NULL
serial-ttyusb02610144420
serial-ttyusb02610144420WPSOOBActive = NULL
serial-ttyusb02610144420ReCounterActive = NULL
serial-ttyusb02610144420WPSGenPinCode = NULL
serial-ttyusb02610144420iptables v1.4.10: can't initialize iptables table `filter': Table does not exist (do you need to insmod?)
serial-ttyusb02610144420Perhaps iptables or your kernel needs to be upgraded.
serial-ttyusb02610144420iptables v1.4.10: can't initialize iptables table `filter': Table does not exist (do you need to insmod?)
serial-ttyusb02610144420Perhaps iptables or your kernel needs to be upgraded.
serial-ttyusb02610144420
serial-ttyusb02610144420Send OAM Update config!
serial-ttyusb02610144420!91110151217919811161411151016129141718181825131112sendEponOamCmdMsg open message queue fail!
serial-ttyusb02610144420Unlocking romfile ...
serial-ttyusb02610144420Writing from /tmp/var/romfile.cfg to romfile ... 
serial-ttyusb02610144420 [w]
serial-ttyusb02610144421mtd[readflash]:device=reservearea tclen=1024 tcoffset=0
serial-ttyusb02610144421Unlocking reservearea ...
serial-ttyusb02610144421Reading from reservearea to /tmp/RT30xxEEPROM.bin ... 
serial-ttyusb02610144421use default etc/RT30xxEEPROM.bin
serial-ttyusb02610144421mtd[readflash]:device=reservearea tclen=36864 tcoffset=4096
serial-ttyusb02610144421Unlocking reservearea ...
serial-ttyusb02610144421Reading from reservearea to /tmp/CALDATA_default.bin ... 
serial-ttyusb02610144421Exec. Successful
serial-ttyusb02610144421Exec. Successful and the accuracy is 8kbps
serial-ttyusb02610144421Exec. Successful and the accuracy is 8kbps
serial-ttyusb02610144421 run_ac_wps :WPSActiveStatus = NULL
serial-ttyusb02610144421WPSOOBActive = NULL
serial-ttyusb02610144421ReCounterActive = NULL
serial-ttyusb02610144421WPSGenPinCode = NULL
serial-ttyusb02610144421eth0: starting interface.
serial-ttyusb02610144421netif_start_queue
serial-ttyusb02610144421
serial-ttyusb02610144421Send OAM Update config!
serial-ttyusb02610144421!macType = 0
serial-ttyusb02610144421qdma_wan: qdma_bmgr.c [2582]: HW_FWD physical size is not illegal, force setting to 4MB
serial-ttyusb02610144421qdma_wan: physical_size is 0x00400000
serial-ttyusb02610144421Unlocking romfile ...
serial-ttyusb02610144421Writing from /tmp/var/romfile.cfg to romfile ... 
serial-ttyusb02610144421 [w]Exec. Successful
serial-ttyusb02610144421[w]
serial-ttyusb02610144421Exec. Successful and the accuracy is 8kbps
serial-ttyusb02610144421Exec. Successful and the accuracy is 8kbps
serial-ttyusb02610144421xyyou:isfirstwrite...offset=a0200
serial-ttyusb02610144421mtd[readflash]:device=reservearea tclen=1024 tcoffset=131072
serial-ttyusb02610144421Unlocking reservearea ...
serial-ttyusb02610144421Reading from reservearea to /tmp/MT7610EEPROM.bin ... 
serial-ttyusb02610144421xyyou:the tmp/bin is not empty!!!
serial-ttyusb02610144421xyyou:id in the bin=1576
serial-ttyusb02610144421EN7570 found!
serial-ttyusb02610144421mtd[readflash]:device=reservearea tclen=36864 tcoffset=135168
serial-ttyusb02610144421Unlocking reservearea ...
serial-ttyusb02610144421Reading from reservearea to /tmp/CALDATA_defauFLASH matrix got
serial-ttyusb02610144421lt.bin ... 
serial-ttyusb02610144421TIAGAIN set 0x0
serial-ttyusb02610144421ERC filter set
serial-ttyusb02610144421MPD Current Offset = 0xe1
serial-ttyusb02610144421RSSI_Vref = 0x211
serial-ttyusb02610144421RSSI_V = 0x28d
serial-ttyusb02610144421Start GPON Tx Calibration
serial-ttyusb02610144421Rx LOS is set
serial-ttyusb02610144421CDR disabled
serial-ttyusb02610144421T0/T1 delay = 0xaa
serial-ttyusb02610144421RGS_T0C = 0x47
serial-ttyusb02610144421RGS_T1C = 0x4c
serial-ttyusb02610144421CDR enabled
serial-ttyusb02610144421TGEN done
serial-ttyusb02610144421Initial bias/mod current loaded from FLASH
serial-ttyusb02610144421MPDL/MPDH loaded
serial-ttyusb02610144422Tx SD set
serial-ttyusb02610144422APD initialization done
serial-ttyusb02610144422Switch to Single-closed Loop Mode
serial-ttyusb02610144422Rogue ONU clear
serial-ttyusb02610144422Internal DDMI Enabled
serial-ttyusb02610144422TEC Enabled
serial-ttyusb02610144422Bias offset = 0xffffffdd
serial-ttyusb02610144422ETC = 3
serial-ttyusb02610144422BiasTracking Enabled
serial-ttyusb02610144422EN7570 Initialization Done!
serial-ttyusb02610144422mtd used greatest stack depth: 13784 bytes left
serial-ttyusb02610144422sslca_write:get Frag Number failed!
serial-ttyusb02610144422PON PHY driver version is 160329.103.109
serial-ttyusb02610144422xPON driver initialization
serial-ttyusb02610144422Alloc data struct memory successful, 35344
serial-ttyusb02610144422insmod used greatest stack depth: 13640 bytes left
serial-ttyusb02610144422XPON Mapping Module init OK!
serial-ttyusb02610144422insmod used greatest stack depth: 13240 bytes left
serial-ttyusb02610144422TCSUPPORT_WLAN
serial-ttyusb02610144422TCSUPPORT_WLAN_MT7615
serial-ttyusb02610144423mtphy[1]:Link-up at 1000 F.
serial-ttyusb02610144423ALL 0x1E,0x9B =0x403
serial-ttyusb02610144423ALL 0x1E,0x9C =0x202
serial-ttyusb02610144423BB1 lch_mse_mdcA =0x4
serial-ttyusb02610144423BB2 lch_mse_mdcB =0x3
serial-ttyusb02610144423BB3 lch_mse_mdcC =0x2
serial-ttyusb02610144423BB4 lch_mse_mdcD =0x2
serial-ttyusb02610144426register rtpci
serial-ttyusb02610144426PCI: Enabling device 0000:02:00.0 (0000 -> 0002)
serial-ttyusb02610144426
serial-ttyusb02610144426
serial-ttyusb02610144426=== pAd = c1182000, size = 2333904 ===
serial-ttyusb02610144426
serial-ttyusb02610144426<-- RTMPAllocAdapterBlock, Status=0
serial-ttyusb02610144426get_wdev_by_idx: invalid idx(0)
serial-ttyusb02610144426pAd->PciHif.CSRBaseAddress =0xc1080000, csr_addr=0xc1080000!
serial-ttyusb02610144426get_wdev_by_idx: invalid idx(0)
serial-ttyusb02610144426RTMPInitPCIeDevice():device_id=0x7615
serial-ttyusb02610144426DriverOwn()::Try to Clear FW Own...
serial-ttyusb02610144426DriverOwn()::Success to clear FW Own
serial-ttyusb02610144426mt_pci_chip_cfg(): HWVer=0x8a10, FWVer=0x8a10, pAd->ChipID=0x7615
serial-ttyusb02610144426mt_pci_chip_cfg(): HIF_SYS_REV=0x76150001
serial-ttyusb02610144426RtmpChipOpsHook(493): Not support for HIF_MT yet! MACVersion=0x0
serial-ttyusb02610144426mt7615_init()-->
serial-ttyusb02610144426Use the default ePAeLNA bin image!
serial-ttyusb02610144426Use the default /etc/Wireless/RT2860AP_AC/RT30xxEEPROM.bin bin image!
serial-ttyusb02610144426<--mt7615_init()
serial-ttyusb02610144426ChipOpsMCUHook
serial-ttyusb02610144426cut_through_token_list_init(): TokenList inited done!id_head/tail=0/4096
serial-ttyusb02610144426cut_through_token_list_init(): 8dbfca88,8dbfca88
serial-ttyusb02610144426cut_through_token_list_init(): TokenList inited done!id_head/tail=0/4096
serial-ttyusb02610144426cut_through_token_list_init(): 8dbfca98,8dbfca98
serial-ttyusb02610144426<-- RTMPAllocTxRxRingMemory, Status=0
serial-ttyusb02610144426get_wdev_by_idx: invalid idx(0)
serial-ttyusb02610144426get_wdev_by_idx: invalid idx(0)
serial-ttyusb02610144426get_wdev_by_idx: invalid idx(0)
serial-ttyusb02610144426get_wdev_by_idx: invalid idx(0)
serial-ttyusb02610144426get_wdev_by_idx: invalid idx(0)
serial-ttyusb02610144426get_wdev_by_idx: invalid idx(0)
serial-ttyusb02610144426get_wdev_by_idx: invalid idx(0)
serial-ttyusb02610144426pci probe count=1
serial-ttyusb02610144426insmod used greatest stack depth: 12736 bytes left
serial-ttyusb02610144426startsmbfilepwent_internal: file /etc/samba/smbpasswd did not exist. File successfully created.
serial-ttyusb02610144426Mirror/redirect action on
serial-ttyusb02610144426SIOCGIFFLAGS: No such device
serial-ttyusb02610144426Current wan2lan feature status: off 
serial-ttyusb02610144426Mirror off
serial-ttyusb02610144426Ebtables v2.0 registered
serial-ttyusb02610144426
serial-ttyusb02610144426lanHost_read: Create node LanHost !
serial-ttyusb02610144426get_wdev_by_idx: invalid idx(0)
serial-ttyusb02610144427Cannot find device "br0"
serial-ttyusb02610144427read of forward table failed: No such device
serial-ttyusb02610144427111719811161411151016129142512==>getMacEntryByIndex(): ioctl open fail
serial-ttyusb02610144427The remaining IMEM space cannot accommodate section .imem_text !!
serial-ttyusb02610144427Remaining IMEM space: 3400 bytes        Section Size: 7972 bytes
serial-ttyusb02610144427HWNAT Module enabled with Type:L2B/IPv4/IPv6/DS-LITE/6RD, foeSize:80B, foeNum:16384
serial-ttyusb02610144427IP check use Black List
serial-ttyusb02610144427==>getMacEntryByIndex(): ioctl open fail
serial-ttyusb02610144427==>getMacEntryByIndex(): ioctl open fail
serial-ttyusb02610144427==>gget_wdev_by_idx: invalid idx(0)
serial-ttyusb02610144427etMacEntryByIndex(): ioctl open fail
serial-ttyusb02610144427==>getMacEntryByIndex(): ioctl open fail
serial-ttyusb02610144427==>getMdevice eth0 entered promiscuous mode
serial-ttyusb02610144427acEntryByIndex(): ioctl open fail
serial-ttyusb02610144427==>getMacEntryByIndex(): ioctl open fail
serial-ttyusb02610144427==>getMacEntryByIndex(): ioctl open fail
serial-ttyusb02610144427==>getMacEntryByIndex(): ioctl open fail
serial-ttyusb02610144427get_wdev_by_idx: invalid idx(0)
serial-ttyusb02610144427==>getMacEntryByIndex(): ioctl open fail
serial-ttyusb02610144427==>getMacEntryByIndex(): ioctl open fail
serial-ttyusb02610144427==>getMacEntryByIndex(): ioctl open fail
serial-ttyusb02610144427get_wdev_by_idx: invalid idx(0)
serial-ttyusb02610144427get_wdev_by_idx: invalid idx(0)
serial-ttyusb02610144427==>getMacEntryByIndex(): ioctl open fail
serial-ttyusb02610144427==>getMacEntryByIndex(): ioctl open fail
serial-ttyusb02610144427TCSUPPORT_WLAN: ifconfig
serial-ttyusb02610144427==>getMacEntryByIndex(): ioctl open fail
serial-ttyusb02610144427==>getMacEntryByIndex(): ioctl open fail
serial-ttyusb02610144427get_wdev_by_idx: invalid idx(0)
serial-ttyusb02610144427get_wdev_by_idx: invalid idx(0)
serial-ttyusb02610144427get_wdev_by_idx: invalid idx(0)
serial-ttyusb02610144427get_wdev_by_idx: invalid idx(0)
serial-ttyusb02610144427get_wdev_by_idx: invalid idx(0)
serial-ttyusb02610144427get_wdev_by_idx: invalid idx(0)
serial-ttyusb02610144427get_wdev_by_idx: invalid idx(0)
serial-ttyusb02610144427DriverOwn()::Return since already in Driver Own...
serial-ttyusb02610144427===============================
serial-ttyusb02610144427Current DevInfo Num: 0
serial-ttyusb02610144427===============================
serial-ttyusb02610144427===============================
serial-ttyusb02610144427Current BssInfo Num: 0
serial-ttyusb02610144427===============================
serial-ttyusb02610144427===============================
serial-ttyusb02610144427Current StaRec Num: 0
serial-ttyusb02610144427===============================
serial-ttyusb02610144427APWdsInitialize():WdsEntry[0]
serial-ttyusb02610144427APWdsInitialize():WdsEntry[1]
serial-ttyusb02610144427APWdsInitialize():WdsEntry[2]
serial-ttyusb02610144427APWdsInitialize():WdsEntry[3]
serial-ttyusb02610144427multi-profile merge success, en:1,pf1_num:4,pf2_num:4,total:8
serial-ttyusb02610144427MacAddress4 = 00:00:00:00:00:00
serial-ttyusb02610144427SSID[0]=VTEL-2340, EdcaIdx=0
serial-ttyusb02610144427SSID[1]=VTEL-2340-2, EdcaIdx=0
serial-ttyusb02610144427SSID[2]=VTEL-2340-3, EdcaIdx=0
serial-ttyusb02610144427SSID[3]=VTEL-2340-4, EdcaIdx=0
serial-ttyusb02610144427SSID[4]=Hello, EdcaIdx=0
serial-ttyusb02610144427SSID[5]=VTEL-2340-2, EdcaIdx=0
serial-ttyusb02610144427SSID[6]=VTEL-2340-3, EdcaIdx=0
serial-ttyusb02610144427SSID[7]=VTEL-2340-4, EdcaIdx=0
serial-ttyusb02610144427RTMPSetProfileParameters(): DBDC Mode=1
serial-ttyusb02610144427cfg_mode=14
serial-ttyusb02610144427cfg_mode=14
serial-ttyusb02610144427wmode_band_equal(): Band Equal!
serial-ttyusb02610144427cfg_mode=14
serial-ttyusb02610144427cfg_mode=14
serial-ttyusb02610144427cfg_mode=14
serial-ttyusb02610144427cfg_mode=14
serial-ttyusb02610144427cfg_mode=14
serial-ttyusb02610144427cfg_mode=14
serial-ttyusb02610144427cfg_mode=9
serial-ttyusb02610144427cfg_mode=9
serial-ttyusb02610144427cfg_mode=9
serial-ttyusb02610144427cfg_mode=9
serial-ttyusb02610144427cfg_mode=9
serial-ttyusb02610144427cfg_mode=9
serial-ttyusb02610144427cfg_mode=9
serial-ttyusb02610144427cfg_mode=9
serial-ttyusb02610144427BandSteering=1
serial-ttyusb02610144427BndStrgBssIdx=1;0;0;0;1;0;0;0
serial-ttyusb02610144427[TxPower] BAND0: 100, BAND1: 100 
serial-ttyusb02610144427[PERCENTAGEenable] BAND0: 1, BAND1: 1 
serial-ttyusb02610144427APEdca0
serial-ttyusb02610144427Valid=1
serial-ttyusb02610144427APAifsn[0]=3
serial-ttyusb02610144427APAifsn[1]=7
serial-ttyusb02610144427APAifsn[2]=1
serial-ttyusb02610144427APAifsn[3]=1
serial-ttyusb02610144427APEdca1
serial-ttyusb02610144427Valid=1
serial-ttyusb02610144427APAifsn[0]=3
serial-ttyusb02610144427APAifsn[1]=7
serial-ttyusb02610144427APAifsn[2]=1
serial-ttyusb02610144427APAifsn[3]=1
serial-ttyusb02610144427APEdca2
serial-ttyusb02610144427APEdca3
serial-ttyusb02610144427BSSAifsn[0]=3
serial-ttyusb02610144427BSSAifsn[1]=7
serial-ttyusb02610144427BSSAifsn[2]=2
serial-ttyusb02610144427BSSAifsn[3]=2
serial-ttyusb02610144427BSSAifsn[0]=3
serial-ttyusb02610144427BSSAifsn[1]=7
serial-ttyusb02610144427BSSAifsn[2]=2
serial-ttyusb02610144427BSSAifsn[3]=2
serial-ttyusb02610144427BSSAifsn[0]=3
serial-ttyusb02610144427BSSAifsn[1]=7
serial-ttyusb02610144427BSSAifsn[2]=2
serial-ttyusb02610144427BSSAifsn[3]=2
serial-ttyusb02610144427BSSAifsn[0]=3
serial-ttyusb02610144427BSSAifsn[1]=7
serial-ttyusb02610144427BSSAifsn[2]=2
serial-ttyusb02610144427BSSAifsn[3]=2
serial-ttyusb02610144427BSSAifsn[0]=3
serial-ttyusb02610144427BSSAifsn[1]=7
serial-ttyusb02610144427BSSAifsn[2]=2
serial-ttyusb02610144427BSSAifsn[3]=2
serial-ttyusb02610144427BSSAifsn[0]=3
serial-ttyusb02610144427BSSAifsn[1]=7
serial-ttyusb02610144427BSSAifsn[2]=2
serial-ttyusb02610144427BSSAifsn[3]=2
serial-ttyusb02610144427BSSAifsn[0]=3
serial-ttyusb02610144427BSSAifsn[1]=7
serial-ttyusb02610144427BSSAifsn[2]=2
serial-ttyusb02610144427BSSAifsn[3]=2
serial-ttyusb02610144427BSSAifsn[0]=3
serial-ttyusb02610144427BSSAifsn[1]=7
serial-ttyusb02610144427BSSAifsn[2]=2
serial-ttyusb02610144427BSSAifsn[3]=2
serial-ttyusb02610144427APSDCapable[0]=0
serial-ttyusb02610144427APSDCapable[1]=0
serial-ttyusb02610144427[PMF]Set_PMFMFPC_Proc:: apidx=0, Desired MFPC=0
serial-ttyusb02610144427[PMF]Set_PMFMFPC_Proc:: apidx=1, Desired MFPC=0
serial-ttyusb02610144427[PMF]Set_PMFMFPC_Proc:: apidx=2, Desired MFPC=0
serial-ttyusb02610144427[PMF]Set_PMFMFPC_Proc:: apidx=3, Desired MFPC=0
serial-ttyusb02610144427[PMF]Set_PMFMFPC_Proc:: apidx=4, Desired MFPC=0
serial-ttyusb02610144427[PMF]Set_PMFMFPC_Proc:: apidx=5, Desired MFPC=0
serial-ttyusb02610144427[PMF]Set_PMFMFPC_Proc:: apidx=6, Desired MFPC=0
serial-ttyusb02610144427[PMF]Set_PMFMFPC_Proc:: apidx=7, Desired MFPC=0
serial-ttyusb02610144427[PMF]Set_PMFMFPR_Proc:: apidx=0, Desired MFPR=0
serial-ttyusb02610144427[PMF]Set_PMFMFPR_Proc:: apidx=1, Desired MFPR=0
serial-ttyusb02610144427[PMF]Set_PMFMFPR_Proc:: apidx=2, Desired MFPR=0
serial-ttyusb02610144427[PMF]Set_PMFMFPR_Proc:: apidx=3, Desired MFPR=0
serial-ttyusb02610144427[PMF]Set_PMFMFPR_Proc:: apidx=4, Desired MFPR=0
serial-ttyusb02610144427[PMF]Set_PMFMFPR_Proc:: apidx=5, Desired MFPR=0
serial-ttyusb02610144427[PMF]Set_PMFMFPR_Proc:: apidx=6, Desired MFPR=0
serial-ttyusb02610144427[PMF]Set_PMFMFPR_Proc:: apidx=7, Desired MFPR=0
serial-ttyusb02610144427[PMF]Set_PMFSHA256_Proc:: apidx=0, Desired PMFSHA256=0
serial-ttyusb02610144427[PMF]Set_PMFSHA256_Proc:: apidx=1, Desired PMFSHA256=0
serial-ttyusb02610144427[PMF]Set_PMFSHA256_Proc:: apidx=2, Desired PMFSHA256=0
serial-ttyusb02610144427[PMF]Set_PMFSHA256_Proc:: apidx=3, Desired PMFSHA256=0
serial-ttyusb02610144427[PMF]Set_PMFSHA256_Proc:: apidx=4, Desired PMFSHA256=0
serial-ttyusb02610144427[PMF]Set_PMFSHA256_Proc:: apidx=5, Desired PMFSHA256=0
serial-ttyusb02610144428[PMF]Set_PMFSHA256_Proc:: apidx=6, Desired PMFSHA256=0
serial-ttyusb02610144428[PMF]Set_PMFSHA256_Proc:: apidx=7, Desired PMFSHA256=0
serial-ttyusb02610144428rtmp_read_wds_from_file(): WDS Profile
serial-ttyusb02610144428APWdsInitialize():WdsEntry[0]
serial-ttyusb02610144428APWdsInitialize():WdsEntry[1]
serial-ttyusb02610144428APWdsInitialize():WdsEntry[2]
serial-ttyusb02610144428APWdsInitialize():WdsEntry[3]
serial-ttyusb02610144428WDS-Enable mode=0
serial-ttyusb02610144428HT: Ext Channel = BELOW
serial-ttyusb02610144428HT: Ext Channel = BELOW
serial-ttyusb02610144428HT: Ext Channel = BELOW
serial-ttyusb02610144428HT: Ext Channel = BELOW
serial-ttyusb02610144428HT: Ext Channel = BELOW
serial-ttyusb02610144428HT: Ext Channel = BELOW
serial-ttyusb02610144428HT: Ext Channel = BELOW
serial-ttyusb02610144428HT: Ext Channel = BELOW
serial-ttyusb02610144428WtcSetMaxStaNum: MaxStaNum:116, BssidNum:8, WdsNum:4, ApcliNum:0, MaxNumChipRept:0, MinMcastWcid:120
serial-ttyusb02610144428Top Init Done!
serial-ttyusb02610144428Use dev_alloc_skb
serial-ttyusb02610144428RX[0] DESC ada78000 size = 32768
serial-ttyusb02610144428RX[1] DESC ade40000 size = 8192
serial-ttyusb02610144428Hif Init Done!
serial-ttyusb02610144428ctl->txq = c13b78a8
serial-ttyusb02610144428ctl->rxq = c13b78b4
serial-ttyusb02610144428ctl->ackq = c13b78c0
serial-ttyusb02610144428ctl->kickq = c13b78cc
serial-ttyusb02610144428ctl->tx_doneq = c13b78d8
serial-ttyusb02610144428ctl->rx_doneq = c13b78e4
